Archive member included to satisfy reference by file (symbol)

D:/STM32/STM32CubeIDE_1.13.2/STM32CubeIDE/plugins/com.st.stm32cube.ide.mcu.externaltools.gnu-tools-for-stm32.11.3.rel1.win32_1.1.1.202309131626/tools/bin/../lib/gcc/arm-none-eabi/11.3.1/../../../../arm-none-eabi/lib/thumb/v7e-m/nofp\libc_nano.a(libc_a-exit.o)
                              D:/STM32/STM32CubeIDE_1.13.2/STM32CubeIDE/plugins/com.st.stm32cube.ide.mcu.externaltools.gnu-tools-for-stm32.11.3.rel1.win32_1.1.1.202309131626/tools/bin/../lib/gcc/arm-none-eabi/11.3.1/../../../../arm-none-eabi/lib/thumb/v7e-m/nofp/crt0.o (exit)
D:/STM32/STM32CubeIDE_1.13.2/STM32CubeIDE/plugins/com.st.stm32cube.ide.mcu.externaltools.gnu-tools-for-stm32.11.3.rel1.win32_1.1.1.202309131626/tools/bin/../lib/gcc/arm-none-eabi/11.3.1/../../../../arm-none-eabi/lib/thumb/v7e-m/nofp\libc_nano.a(libc_a-findfp.o)
                              D:/STM32/STM32CubeIDE_1.13.2/STM32CubeIDE/plugins/com.st.stm32cube.ide.mcu.externaltools.gnu-tools-for-stm32.11.3.rel1.win32_1.1.1.202309131626/tools/bin/../lib/gcc/arm-none-eabi/11.3.1/../../../../arm-none-eabi/lib/thumb/v7e-m/nofp\libc_nano.a(libc_a-exit.o) (__stdio_exit_handler)
D:/STM32/STM32CubeIDE_1.13.2/STM32CubeIDE/plugins/com.st.stm32cube.ide.mcu.externaltools.gnu-tools-for-stm32.11.3.rel1.win32_1.1.1.202309131626/tools/bin/../lib/gcc/arm-none-eabi/11.3.1/../../../../arm-none-eabi/lib/thumb/v7e-m/nofp\libc_nano.a(libc_a-fwalk.o)
                              D:/STM32/STM32CubeIDE_1.13.2/STM32CubeIDE/plugins/com.st.stm32cube.ide.mcu.externaltools.gnu-tools-for-stm32.11.3.rel1.win32_1.1.1.202309131626/tools/bin/../lib/gcc/arm-none-eabi/11.3.1/../../../../arm-none-eabi/lib/thumb/v7e-m/nofp\libc_nano.a(libc_a-findfp.o) (_fwalk_sglue)
D:/STM32/STM32CubeIDE_1.13.2/STM32CubeIDE/plugins/com.st.stm32cube.ide.mcu.externaltools.gnu-tools-for-stm32.11.3.rel1.win32_1.1.1.202309131626/tools/bin/../lib/gcc/arm-none-eabi/11.3.1/../../../../arm-none-eabi/lib/thumb/v7e-m/nofp\libc_nano.a(libc_a-printf.o)
                              ./Src/012_I2C_Master_RX_Test_IT.o (printf)
D:/STM32/STM32CubeIDE_1.13.2/STM32CubeIDE/plugins/com.st.stm32cube.ide.mcu.externaltools.gnu-tools-for-stm32.11.3.rel1.win32_1.1.1.202309131626/tools/bin/../lib/gcc/arm-none-eabi/11.3.1/../../../../arm-none-eabi/lib/thumb/v7e-m/nofp\libc_nano.a(libc_a-puts.o)
                              ./Src/012_I2C_Master_RX_Test_IT.o (puts)
D:/STM32/STM32CubeIDE_1.13.2/STM32CubeIDE/plugins/com.st.stm32cube.ide.mcu.externaltools.gnu-tools-for-stm32.11.3.rel1.win32_1.1.1.202309131626/tools/bin/../lib/gcc/arm-none-eabi/11.3.1/../../../../arm-none-eabi/lib/thumb/v7e-m/nofp\libc_nano.a(libc_a-stdio.o)
                              D:/STM32/STM32CubeIDE_1.13.2/STM32CubeIDE/plugins/com.st.stm32cube.ide.mcu.externaltools.gnu-tools-for-stm32.11.3.rel1.win32_1.1.1.202309131626/tools/bin/../lib/gcc/arm-none-eabi/11.3.1/../../../../arm-none-eabi/lib/thumb/v7e-m/nofp\libc_nano.a(libc_a-findfp.o) (__sread)
D:/STM32/STM32CubeIDE_1.13.2/STM32CubeIDE/plugins/com.st.stm32cube.ide.mcu.externaltools.gnu-tools-for-stm32.11.3.rel1.win32_1.1.1.202309131626/tools/bin/../lib/gcc/arm-none-eabi/11.3.1/../../../../arm-none-eabi/lib/thumb/v7e-m/nofp\libc_nano.a(libc_a-wbuf.o)
                              D:/STM32/STM32CubeIDE_1.13.2/STM32CubeIDE/plugins/com.st.stm32cube.ide.mcu.externaltools.gnu-tools-for-stm32.11.3.rel1.win32_1.1.1.202309131626/tools/bin/../lib/gcc/arm-none-eabi/11.3.1/../../../../arm-none-eabi/lib/thumb/v7e-m/nofp\libc_nano.a(libc_a-puts.o) (__swbuf_r)
D:/STM32/STM32CubeIDE_1.13.2/STM32CubeIDE/plugins/com.st.stm32cube.ide.mcu.externaltools.gnu-tools-for-stm32.11.3.rel1.win32_1.1.1.202309131626/tools/bin/../lib/gcc/arm-none-eabi/11.3.1/../../../../arm-none-eabi/lib/thumb/v7e-m/nofp\libc_nano.a(libc_a-wsetup.o)
                              D:/STM32/STM32CubeIDE_1.13.2/STM32CubeIDE/plugins/com.st.stm32cube.ide.mcu.externaltools.gnu-tools-for-stm32.11.3.rel1.win32_1.1.1.202309131626/tools/bin/../lib/gcc/arm-none-eabi/11.3.1/../../../../arm-none-eabi/lib/thumb/v7e-m/nofp\libc_nano.a(libc_a-puts.o) (__swsetup_r)
D:/STM32/STM32CubeIDE_1.13.2/STM32CubeIDE/plugins/com.st.stm32cube.ide.mcu.externaltools.gnu-tools-for-stm32.11.3.rel1.win32_1.1.1.202309131626/tools/bin/../lib/gcc/arm-none-eabi/11.3.1/../../../../arm-none-eabi/lib/thumb/v7e-m/nofp\libc_nano.a(libc_a-memset.o)
                              D:/STM32/STM32CubeIDE_1.13.2/STM32CubeIDE/plugins/com.st.stm32cube.ide.mcu.externaltools.gnu-tools-for-stm32.11.3.rel1.win32_1.1.1.202309131626/tools/bin/../lib/gcc/arm-none-eabi/11.3.1/../../../../arm-none-eabi/lib/thumb/v7e-m/nofp/crt0.o (memset)
D:/STM32/STM32CubeIDE_1.13.2/STM32CubeIDE/plugins/com.st.stm32cube.ide.mcu.externaltools.gnu-tools-for-stm32.11.3.rel1.win32_1.1.1.202309131626/tools/bin/../lib/gcc/arm-none-eabi/11.3.1/../../../../arm-none-eabi/lib/thumb/v7e-m/nofp\libc_nano.a(libc_a-closer.o)
[...]
Memory Configuration

Name             Origin             Length             Attributes
CCMRAM           0x0000000010000000 0x0000000000010000 xrw
RAM              0x0000000020000000 0x0000000000020000 xrw
FLASH            0x0000000008000000 0x0000000000100000 xr
*default*        0x0000000000000000 0xffffffffffffffff

Linker script and memory map

LOAD D:/STM32/STM32CubeIDE_1.13.2/STM32CubeIDE/plugins/com.st.stm32cube.ide.mcu.externaltools.gnu-tools-for-stm32.11.3.rel1.win32_1.1.1.202309131626/tools/bin/../lib/gcc/arm-none-eabi/11.3.1/thumb/v7e-m/nofp/crti.o
LOAD D:/STM32/STM32CubeIDE_1.13.2/STM32CubeIDE/plugins/com.st.stm32cube.ide.mcu.externaltools.gnu-tools-for-stm32.11.3.rel1.win32_1.1.1.202309131626/tools/bin/../lib/gcc/arm-none-eabi/11.3.1/thumb/v7e-m/nofp/crtbegin.o
LOAD D:/STM32/STM32CubeIDE_1.13.2/STM32CubeIDE/plugins/com.st.stm32cube.ide.mcu.externaltools.gnu-tools-for-stm32.11.3.rel1.win32_1.1.1.202309131626/tools/bin/../lib/gcc/arm-none-eabi/11.3.1/../../../../arm-none-eabi/lib/thumb/v7e-m/nofp/crt0.o
LOAD ./Src/012_I2C_Master_RX_Test_IT.o
LOAD ./Src/syscalls.o
LOAD ./Src/sysmem.o
LOAD ./Startup/startup_stm32f407vgtx.o
LOAD ./drivers/Src/stm32f407_gpio_driver.o
LOAD ./drivers/Src/stm32f407_i2c_driver.o
LOAD ./drivers/Src/stm32f407_spi_driver.o
START GROUP
LOAD D:/STM32/STM32CubeIDE_1.13.2/STM32CubeIDE/plugins/com.st.stm32cube.ide.mcu.externaltools.gnu-tools-for-stm32.11.3.rel1.win32_1.1.1.202309131626/tools/bin/../lib/gcc/arm-none-eabi/11.3.1/../../../../arm-none-eabi/lib/thumb/v7e-m/nofp\libc_nano.a
LOAD D:/STM32/STM32CubeIDE_1.13.2/STM32CubeIDE/plugins/com.st.stm32cube.ide.mcu.externaltools.gnu-tools-for-stm32.11.3.rel1.win32_1.1.1.202309131626/tools/bin/../lib/gcc/arm-none-eabi/11.3.1/../../../../arm-none-eabi/lib/thumb/v7e-m/nofp\libm.a
END GROUP
START GROUP
LOAD D:/STM32/STM32CubeIDE_1.13.2/STM32CubeIDE/plugins/com.st.stm32cube.ide.mcu.externaltools.gnu-tools-for-stm32.11.3.rel1.win32_1.1.1.202309131626/tools/bin/../lib/gcc/arm-none-eabi/11.3.1/thumb/v7e-m/nofp\libgcc.a
LOAD D:/STM32/STM32CubeIDE_1.13.2/STM32CubeIDE/plugins/com.st.stm32cube.ide.mcu.externaltools.gnu-tools-for-stm32.11.3.rel1.win32_1.1.1.202309131626/tools/bin/../lib/gcc/arm-none-eabi/11.3.1/../../../../arm-none-eabi/lib/thumb/v7e-m/nofp\libc_nano.a
END GROUP
START GROUP
LOAD D:/STM32/STM32CubeIDE_1.13.2/STM32CubeIDE/plugins/com.st.stm32cube.ide.mcu.externaltools.gnu-tools-for-stm32.11.3.rel1.win32_1.1.1.202309131626/tools/bin/../lib/gcc/arm-none-eabi/11.3.1/thumb/v7e-m/nofp\libgcc.a
LOAD D:/STM32/STM32CubeIDE_1.13.2/STM32CubeIDE/plugins/com.st.stm32cube.ide.mcu.externaltools.gnu-tools-for-stm32.11.3.rel1.win32_1.1.1.202309131626/tools/bin/../lib/gcc/arm-none-eabi/11.3.1/../../../../arm-none-eabi/lib/thumb/v7e-m/nofp\libc_nano.a
LOAD D:/STM32/STM32CubeIDE_1.13.2/STM32CubeIDE/plugins/com.st.stm32cube.ide.mcu.externaltools.gnu-tools-for-stm32.11.3.rel1.win32_1.1.1.202309131626/tools/bin/../lib/gcc/arm-none-eabi/11.3.1/../../../../arm-none-eabi/lib/thumb/v7e-m/nofp\libnosys.a
END GROUP
START GROUP
LOAD D:/STM32/STM32CubeIDE_1.13.2/STM32CubeIDE/plugins/com.st.stm32cube.ide.mcu.externaltools.gnu-tools-for-stm32.11.3.rel1.win32_1.1.1.202309131626/tools/bin/../lib/gcc/arm-none-eabi/11.3.1/thumb/v7e-m/nofp\libgcc.a
LOAD D:/STM32/STM32CubeIDE_1.13.2/STM32CubeIDE/plugins/com.st.stm32cube.ide.mcu.externaltools.gnu-tools-for-stm32.11.3.rel1.win32_1.1.1.202309131626/tools/bin/../lib/gcc/arm-none-eabi/11.3.1/../../../../arm-none-eabi/lib/thumb/v7e-m/nofp\libc_nano.a
LOAD D:/STM32/STM32CubeIDE_1.13.2/STM32CubeIDE/plugins/com.st.stm32cube.ide.mcu.externaltools.gnu-tools-for-stm32.11.3.rel1.win32_1.1.1.202309131626/tools/bin/../lib/gcc/arm-none-eabi/11.3.1/../../../../arm-none-eabi/lib/thumb/v7e-m/nofp\libnosys.a
END GROUP
LOAD D:/STM32/STM32CubeIDE_1.13.2/STM32CubeIDE/plugins/com.st.stm32cube.ide.mcu.externaltools.gnu-tools-for-stm32.11.3.rel1.win32_1.1.1.202309131626/tools/bin/../lib/gcc/arm-none-eabi/11.3.1/thumb/v7e-m/nofp/crtend.o
LOAD D:/STM32/STM32CubeIDE_1.13.2/STM32CubeIDE/plugins/com.st.stm32cube.ide.mcu.externaltools.gnu-tools-for-stm32.11.3.rel1.win32_1.1.1.202309131626/tools/bin/../lib/gcc/arm-none-eabi/11.3.1/thumb/v7e-m/nofp/crtn.o
                0x0000000020020000                _estack = (ORIGIN (RAM) + LENGTH (RAM))
                0x0000000000000200                _Min_Heap_Size = 0x200
                0x0000000000000400                _Min_Stack_Size = 0x400

.isr_vector     0x0000000008000000      0x1a8
                0x0000000008000000                . = ALIGN (0x4)
 *(.isr_vector)
 .isr_vector    0x0000000008000000      0x1a8 ./Startup/startup_stm32f407vgtx.o
                0x0000000008000000                g_pfnVectors
                0x00000000080001a8                . = ALIGN (0x4)

.text           0x00000000080001b0     0x1cd0
                0x00000000080001b0                . = ALIGN (0x4)
 *(.text)
 .text          0x00000000080001b0       0x40 D:/STM32/STM32CubeIDE_1.13.2/STM32CubeIDE/plugins/com.st.stm32cube.ide.mcu.externaltools.gnu-tools-for-stm32.11.3.rel1.win32_1.1.1.202309131626/tools/bin/../lib/gcc/arm-none-eabi/11.3.1/thumb/v7e-m/nofp/crtbegin.o
 .text          0x00000000080001f0       0xa0 D:/STM32/STM32CubeIDE_1.13.2/STM32CubeIDE/plugins/com.st.stm32cube.ide.mcu.externaltools.gnu-tools-for-stm32.11.3.rel1.win32_1.1.1.202309131626/tools/bin/../lib/gcc/arm-none-eabi/11.3.1/../../../../arm-none-eabi/lib/thumb/v7e-m/nofp\libc_nano.a(libc_a-memchr.o)
                0x00000000080001f0                memchr
 *(.text*)
 .text.delay    0x0000000008000290       0x2c ./Src/012_I2C_Master_RX_Test_IT.o
                0x0000000008000290                delay
 .text.I2C_GPIOInits
                0x00000000080002bc       0x44 ./Src/012_I2C_Master_RX_Test_IT.o
                0x00000000080002bc                I2C_GPIOInits
 .text.I2C1_Inits
                0x0000000008000300       0x38 ./Src/012_I2C_Master_RX_Test_IT.o
                0x0000000008000300                I2C1_Inits
 .text.GPIO_ButtonInit
                0x0000000008000338       0x30 ./Src/012_I2C_Master_RX_Test_IT.o
                0x0000000008000338                GPIO_ButtonInit
 .text.main     0x0000000008000368       0xec ./Src/012_I2C_Master_RX_Test_IT.o
                0x0000000008000368                main
 .text.ITM_SendChar
                0x0000000008000454       0x4c ./Src/syscalls.o
                0x0000000008000454                ITM_SendChar
 .text._read    0x00000000080004a0       0x3a ./Src/syscalls.o
                0x00000000080004a0                _read
 .text._write   0x00000000080004da       0x38 ./Src/syscalls.o
                0x00000000080004da                _write
 .text._close   0x0000000008000512       0x16 ./Src/syscalls.o
                0x0000000008000512                _close
 .text._fstat   0x0000000008000528       0x1e ./Src/syscalls.o
                0x0000000008000528                _fstat
 .text._isatty  0x0000000008000546       0x14 ./Src/syscalls.o
                0x0000000008000546                _isatty
 .text._lseek   0x000000000800055a       0x18 ./Src/syscalls.o
                0x000000000800055a                _lseek
 *fill*         0x0000000008000572        0x2 
 .text._sbrk    0x0000000008000574       0x6c ./Src/sysmem.o
                0x0000000008000574                _sbrk
 .text.Reset_Handler
                0x00000000080005e0       0x50 ./Startup/startup_stm32f407vgtx.o
                0x00000000080005e0                Reset_Handler
 .text.Default_Handler
                0x0000000008000630        0x2 ./Startup/startup_stm32f407vgtx.o
                0x0000000008000630                RTC_Alarm_IRQHandler
                0x0000000008000630                HASH_RNG_IRQHandler
                0x0000000008000630                EXTI2_IRQHandler
                0x0000000008000630                TIM8_CC_IRQHandler
                0x0000000008000630                DebugMon_Handler
                0x0000000008000630                TIM1_CC_IRQHandler
                0x0000000008000630                DMA2_Stream5_IRQHandler
                0x0000000008000630                HardFault_Handler
                0x0000000008000630                DMA1_Stream5_IRQHandler
                0x0000000008000630                SysTick_Handler
                0x0000000008000630                PVD_IRQHandler
                0x0000000008000630                SDIO_IRQHandler
                0x0000000008000630                TAMP_STAMP_IRQHandler
                0x0000000008000630                PendSV_Handler
                0x0000000008000630                NMI_Handler
                0x0000000008000630                CAN2_RX1_IRQHandler
                0x0000000008000630                EXTI3_IRQHandler
                0x0000000008000630                TIM8_TRG_COM_TIM14_IRQHandler
                0x0000000008000630                TIM1_UP_TIM10_IRQHandler
                0x0000000008000630                TIM8_UP_TIM13_IRQHandler
                0x0000000008000630                I2C3_ER_IRQHandler
                0x0000000008000630                LCD_TFT_IRQHandler
                0x0000000008000630                EXTI0_IRQHandler
                0x0000000008000630                I2C2_EV_IRQHandler
                0x0000000008000630                DMA1_Stream2_IRQHandler
                0x0000000008000630                CAN1_RX0_IRQHandler
                0x0000000008000630                FPU_IRQHandler
                0x0000000008000630                OTG_HS_WKUP_IRQHandler
                0x0000000008000630                UsageFault_Handler
                0x0000000008000630                CAN2_SCE_IRQHandler
                0x0000000008000630                DMA2_Stream2_IRQHandler
                0x0000000008000630                SPI1_IRQHandler
                0x0000000008000630                TIM6_DAC_IRQHandler
                0x0000000008000630                TIM1_BRK_TIM9_IRQHandler
                0x0000000008000630                DCMI_IRQHandler
                0x0000000008000630                CAN2_RX0_IRQHandler
                0x0000000008000630                DMA2_Stream3_IRQHandler
                0x0000000008000630                USART6_IRQHandler
                0x0000000008000630                USART3_IRQHandler
                0x0000000008000630                CRYP_IRQHandler
                0x0000000008000630                CAN1_RX1_IRQHandler
                0x0000000008000630                UART5_IRQHandler
                0x0000000008000630                DMA2_Stream0_IRQHandler
                0x0000000008000630                TIM4_IRQHandler
                0x0000000008000630                I2C1_EV_IRQHandler
                0x0000000008000630                DMA1_Stream6_IRQHandler
                0x0000000008000630                DMA1_Stream1_IRQHandler
                0x0000000008000630                UART4_IRQHandler
                0x0000000008000630                LCD_TFT_1_IRQHandler
                0x0000000008000630                TIM3_IRQHandler
                0x0000000008000630                RCC_IRQHandler
                0x0000000008000630                TIM8_BRK_TIM12_IRQHandler
                0x0000000008000630                Default_Handler
                0x0000000008000630                EXTI15_10_IRQHandler
                0x0000000008000630                ADC_IRQHandler
                0x0000000008000630                DMA1_Stream7_IRQHandler
                0x0000000008000630                TIM7_IRQHandler
                0x0000000008000630                CAN2_TX_IRQHandler
                0x0000000008000630                TIM5_IRQHandler
                0x0000000008000630                DMA2_Stream7_IRQHandler
                0x0000000008000630                I2C3_EV_IRQHandler
                0x0000000008000630                EXTI9_5_IRQHandler
                0x0000000008000630                RTC_WKUP_IRQHandler
                0x0000000008000630                ETH_WKUP_IRQHandler
                0x0000000008000630                SPI2_IRQHandler
                0x0000000008000630                OTG_HS_EP1_IN_IRQHandler
                0x0000000008000630                MemManage_Handler
                0x0000000008000630                DMA1_Stream0_IRQHandler
                0x0000000008000630                CAN1_TX_IRQHandler
                0x0000000008000630                SVC_Handler
                0x0000000008000630                EXTI4_IRQHandler
                0x0000000008000630                FSMC_IRQHandler
                0x0000000008000630                ETH_IRQHandler
                0x0000000008000630                OTG_HS_EP1_OUT_IRQHandler
                0x0000000008000630                WWDG_IRQHandler
                0x0000000008000630                TIM2_IRQHandler
                0x0000000008000630                OTG_FS_WKUP_IRQHandler
                0x0000000008000630                TIM1_TRG_COM_TIM11_IRQHandler
                0x0000000008000630                OTG_HS_IRQHandler
                0x0000000008000630                EXTI1_IRQHandler
                0x0000000008000630                USART2_IRQHandler
                0x0000000008000630                I2C2_ER_IRQHandler
                0x0000000008000630                DMA2_Stream1_IRQHandler
                0x0000000008000630                CAN1_SCE_IRQHandler
                0x0000000008000630                DMA2_Stream4_IRQHandler
                0x0000000008000630                BusFault_Handler
                0x0000000008000630                USART1_IRQHandler
                0x0000000008000630                OTG_FS_IRQHandler
                0x0000000008000630                SPI3_IRQHandler
                0x0000000008000630                DMA1_Stream4_IRQHandler
                0x0000000008000630                I2C1_ER_IRQHandler
                0x0000000008000630                DMA2_Stream6_IRQHandler
                0x0000000008000630                DMA1_Stream3_IRQHandler
 *fill*         0x0000000008000632        0x2 
 .text.GPIO_PeriClockCtrl
                0x0000000008000634      0x1d0 ./drivers/Src/stm32f407_gpio_driver.o
                0x0000000008000634                GPIO_PeriClockCtrl
 .text.GPIO_Init
                0x0000000008000804      0x298 ./drivers/Src/stm32f407_gpio_driver.o
                0x0000000008000804                GPIO_Init
 .text.GPIO_ReadFromInputPin
                0x0000000008000a9c       0x2a ./drivers/Src/stm32f407_gpio_driver.o
                0x0000000008000a9c                GPIO_ReadFromInputPin
 .text.I2C_GenerateStartCondition
                0x0000000008000ac6       0x1e ./drivers/Src/stm32f407_i2c_driver.o
 .text.I2C_PeriClockCtrl
                0x0000000008000ae4       0xb0 ./drivers/Src/stm32f407_i2c_driver.o
                0x0000000008000ae4                I2C_PeriClockCtrl
 .text.I2C_GetPLLOutputClk
                0x0000000008000b94       0x16 ./drivers/Src/stm32f407_i2c_driver.o
                0x0000000008000b94                I2C_GetPLLOutputClk
 *fill*         0x0000000008000baa        0x2 
 .text.RCC_GetPCLK1Value
                0x0000000008000bac       0xb0 ./drivers/Src/stm32f407_i2c_driver.o
                0x0000000008000bac                RCC_GetPCLK1Value
 .text.I2C_Init
                0x0000000008000c5c      0x128 ./drivers/Src/stm32f407_i2c_driver.o
                0x0000000008000c5c                I2C_Init
 .text.I2C_IRQInterruptConfig
                0x0000000008000d84      0x104 ./drivers/Src/stm32f407_i2c_driver.o
                0x0000000008000d84                I2C_IRQInterruptConfig
 .text.I2C_PeriControl
                0x0000000008000e88       0x36 ./drivers/Src/stm32f407_i2c_driver.o
                0x0000000008000e88                I2C_PeriControl
 .text.I2C_MangageACKing
                0x0000000008000ebe       0x36 ./drivers/Src/stm32f407_i2c_driver.o
                0x0000000008000ebe                I2C_MangageACKing
 .text.I2C_MasterSendDataIT
                0x0000000008000ef4       0x84 ./drivers/Src/stm32f407_i2c_driver.o
                0x0000000008000ef4                I2C_MasterSendDataIT
 .text.I2C_MasterReceiveDataIT
                0x0000000008000f78       0x92 ./drivers/Src/stm32f407_i2c_driver.o
                0x0000000008000f78                I2C_MasterReceiveDataIT
 *fill*         0x000000000800100a        0x2 
 .text.std      0x000000000800100c       0x6c D:/STM32/STM32CubeIDE_1.13.2/STM32CubeIDE/plugins/com.st.stm32cube.ide.mcu.externaltools.gnu-tools-for-stm32.11.3.rel1.win32_1.1.1.202309131626/tools/bin/../lib/gcc/arm-none-eabi/11.3.1/../../../../arm-none-eabi/lib/thumb/v7e-m/nofp\libc_nano.a(libc_a-findfp.o)
 .text.stdio_exit_handler
                0x0000000008001078       0x18 D:/STM32/STM32CubeIDE_1.13.2/STM32CubeIDE/plugins/com.st.stm32cube.ide.mcu.externaltools.gnu-tools-for-stm32.11.3.rel1.win32_1.1.1.202309131626/tools/bin/../lib/gcc/arm-none-eabi/11.3.1/../../../../arm-none-eabi/lib/thumb/v7e-m/nofp\libc_nano.a(libc_a-findfp.o)
 .text.cleanup_stdio
                0x0000000008001090       0x40 D:/STM32/STM32CubeIDE_1.13.2/STM32CubeIDE/plugins/com.st.stm32cube.ide.mcu.externaltools.gnu-tools-for-stm32.11.3.rel1.win32_1.1.1.202309131626/tools/bin/../lib/gcc/arm-none-eabi/11.3.1/../../../../arm-none-eabi/lib/thumb/v7e-m/nofp\libc_nano.a(libc_a-findfp.o)
 .text.global_stdio_init.part.0
                0x00000000080010d0       0x3c D:/STM32/STM32CubeIDE_1.13.2/STM32CubeIDE/plugins/com.st.stm32cube.ide.mcu.externaltools.gnu-tools-for-stm32.11.3.rel1.win32_1.1.1.202309131626/tools/bin/../lib/gcc/arm-none-eabi/11.3.1/../../../../arm-none-eabi/lib/thumb/v7e-m/nofp\libc_nano.a(libc_a-findfp.o)
 .text.__sfp_lock_acquire
                0x000000000800110c        0xc D:/STM32/STM32CubeIDE_1.13.2/STM32CubeIDE/plugins/com.st.stm32cube.ide.mcu.externaltools.gnu-tools-for-stm32.11.3.rel1.win32_1.1.1.202309131626/tools/bin/../lib/gcc/arm-none-eabi/11.3.1/../../../../arm-none-eabi/lib/thumb/v7e-m/nofp\libc_nano.a(libc_a-findfp.o)
                0x000000000800110c                __sfp_lock_acquire
 .text.__sfp_lock_release
                0x0000000008001118        0xc D:/STM32/STM32CubeIDE_1.13.2/STM32CubeIDE/plugins/com.st.stm32cube.ide.mcu.externaltools.gnu-tools-for-stm32.11.3.rel1.win32_1.1.1.202309131626/tools/bin/../lib/gcc/arm-none-eabi/11.3.1/../../../../arm-none-eabi/lib/thumb/v7e-m/nofp\libc_nano.a(libc_a-findfp.o)
                0x0000000008001118                __sfp_lock_release
 .text.__sinit  0x0000000008001124       0x30 D:/STM32/STM32CubeIDE_1.13.2/STM32CubeIDE/plugins/com.st.stm32cube.ide.mcu.externaltools.gnu-tools-for-stm32.11.3.rel1.win32_1.1.1.202309131626/tools/bin/../lib/gcc/arm-none-eabi/11.3.1/../../../../arm-none-eabi/lib/thumb/v7e-m/nofp\libc_nano.a(libc_a-findfp.o)
                0x0000000008001124                __sinit
 .text._fwalk_sglue
                0x0000000008001154       0x3c D:/STM32/STM32CubeIDE_1.13.2/STM32CubeIDE/plugins/com.st.stm32cube.ide.mcu.externaltools.gnu-tools-for-stm32.11.3.rel1.win32_1.1.1.202309131626/tools/bin/../lib/gcc/arm-none-eabi/11.3.1/../../../../arm-none-eabi/lib/thumb/v7e-m/nofp\libc_nano.a(libc_a-fwalk.o)
                0x0000000008001154                _fwalk_sglue
 .text.printf   0x0000000008001190       0x24 D:/STM32/STM32CubeIDE_1.13.2/STM32CubeIDE/plugins/com.st.stm32cube.ide.mcu.externaltools.gnu-tools-for-stm32.11.3.rel1.win32_1.1.1.202309131626/tools/bin/../lib/gcc/arm-none-eabi/11.3.1/../../../../arm-none-eabi/lib/thumb/v7e-m/nofp\libc_nano.a(libc_a-printf.o)
                0x0000000008001190                iprintf
                0x0000000008001190                printf
 .text.__sread  0x00000000080011b4       0x22 D:/STM32/STM32CubeIDE_1.13.2/STM32CubeIDE/plugins/com.st.stm32cube.ide.mcu.externaltools.gnu-tools-for-stm32.11.3.rel1.win32_1.1.1.202309131626/tools/bin/../lib/gcc/arm-none-eabi/11.3.1/../../../../arm-none-eabi/lib/thumb/v7e-m/nofp\libc_nano.a(libc_a-stdio.o)
                0x00000000080011b4                __sread
 .text.__swrite
                0x00000000080011d6       0x38 D:/STM32/STM32CubeIDE_1.13.2/STM32CubeIDE/plugins/com.st.stm32cube.ide.mcu.externaltools.gnu-tools-for-stm32.11.3.rel1.win32_1.1.1.202309131626/tools/bin/../lib/gcc/arm-none-eabi/11.3.1/../../../../arm-none-eabi/lib/thumb/v7e-m/nofp\libc_nano.a(libc_a-stdio.o)
                0x00000000080011d6                __swrite
 .text.__sseek  0x000000000800120e       0x24 D:/STM32/STM32CubeIDE_1.13.2/STM32CubeIDE/plugins/com.st.stm32cube.ide.mcu.externaltools.gnu-tools-for-stm32.11.3.rel1.win32_1.1.1.202309131626/tools/bin/../lib/gcc/arm-none-eabi/11.3.1/../../../../arm-none-eabi/lib/thumb/v7e-m/nofp\libc_nano.a(libc_a-stdio.o)
                0x000000000800120e                __sseek
 .text.__sclose
                0x0000000008001232        0x8 D:/STM32/STM32CubeIDE_1.13.2/STM32CubeIDE/plugins/com.st.stm32cube.ide.mcu.externaltools.gnu-tools-for-stm32.11.3.rel1.win32_1.1.1.202309131626/tools/bin/../lib/gcc/arm-none-eabi/11.3.1/../../../../arm-none-eabi/lib/thumb/v7e-m/nofp\libc_nano.a(libc_a-stdio.o)
                0x0000000008001232                __sclose
 .text.__swbuf_r
                0x000000000800123a       0x7a D:/STM32/STM32CubeIDE_1.13.2/STM32CubeIDE/plugins/com.st.stm32cube.ide.mcu.externaltools.gnu-tools-for-stm32.11.3.rel1.win32_1.1.1.202309131626/tools/bin/../lib/gcc/arm-none-eabi/11.3.1/../../../../arm-none-eabi/lib/thumb/v7e-m/nofp\libc_nano.a(libc_a-wbuf.o)
                0x000000000800123a                __swbuf_r
 .text.__swsetup_r
                0x00000000080012b4       0xb0 D:/STM32/STM32CubeIDE_1.13.2/STM32CubeIDE/plugins/com.st.stm32cube.ide.mcu.externaltools.gnu-tools-for-stm32.11.3.rel1.win32_1.1.1.202309131626/tools/bin/../lib/gcc/arm-none-eabi/11.3.1/../../../../arm-none-eabi/lib/thumb/v7e-m/nofp\libc_nano.a(libc_a-wsetup.o)
                0x00000000080012b4                __swsetup_r
 .text.memset   0x0000000008001364       0x10 D:/STM32/STM32CubeIDE_1.13.2/STM32CubeIDE/plugins/com.st.stm32cube.ide.mcu.externaltools.gnu-tools-for-stm32.11.3.rel1.win32_1.1.1.202309131626/tools/bin/../lib/gcc/arm-none-eabi/11.3.1/../../../../arm-none-eabi/lib/thumb/v7e-m/nofp\libc_nano.a(libc_a-memset.o)
                0x0000000008001364                memset
 .text._close_r
                0x0000000008001374       0x20 D:/STM32/STM32CubeIDE_1.13.2/STM32CubeIDE/plugins/com.st.stm32cube.ide.mcu.externaltools.gnu-tools-for-stm32.11.3.rel1.win32_1.1.1.202309131626/tools/bin/../lib/gcc/arm-none-eabi/11.3.1/../../../../arm-none-eabi/lib/thumb/v7e-m/nofp\libc_nano.a(libc_a-closer.o)
                0x0000000008001374                _close_r
 .text._lseek_r
                0x0000000008001394       0x24 D:/STM32/STM32CubeIDE_1.13.2/STM32CubeIDE/plugins/com.st.stm32cube.ide.mcu.externaltools.gnu-tools-for-stm32.11.3.rel1.win32_1.1.1.202309131626/tools/bin/../lib/gcc/arm-none-eabi/11.3.1/../../../../arm-none-eabi/lib/thumb/v7e-m/nofp\libc_nano.a(libc_a-lseekr.o)
                0x0000000008001394                _lseek_r
 .text._read_r  0x00000000080013b8       0x24 D:/STM32/STM32CubeIDE_1.13.2/STM32CubeIDE/plugins/com.st.stm32cube.ide.mcu.externaltools.gnu-tools-for-stm32.11.3.rel1.win32_1.1.1.202309131626/tools/bin/../lib/gcc/arm-none-eabi/11.3.1/../../../../arm-none-eabi/lib/thumb/v7e-m/nofp\libc_nano.a(libc_a-readr.o)
                0x00000000080013b8                _read_r
 .text._write_r
                0x00000000080013dc       0x24 D:/STM32/STM32CubeIDE_1.13.2/STM32CubeIDE/plugins/com.st.stm32cube.ide.mcu.externaltools.gnu-tools-for-stm32.11.3.rel1.win32_1.1.1.202309131626/tools/bin/../lib/gcc/arm-none-eabi/11.3.1/../../../../arm-none-eabi/lib/thumb/v7e-m/nofp\libc_nano.a(libc_a-writer.o)
                0x00000000080013dc                _write_r
 .text.__errno  0x0000000008001400        0xc D:/STM32/STM32CubeIDE_1.13.2/STM32CubeIDE/plugins/com.st.stm32cube.ide.mcu.externaltools.gnu-tools-for-stm32.11.3.rel1.win32_1.1.1.202309131626/tools/bin/../lib/gcc/arm-none-eabi/11.3.1/../../../../arm-none-eabi/lib/thumb/v7e-m/nofp\libc_nano.a(libc_a-errno.o)
                0x0000000008001400                __errno
 .text.__libc_init_array
                0x000000000800140c       0x48 D:/STM32/STM32CubeIDE_1.13.2/STM32CubeIDE/plugins/com.st.stm32cube.ide.mcu.externaltools.gnu-tools-for-stm32.11.3.rel1.win32_1.1.1.202309131626/tools/bin/../lib/gcc/arm-none-eabi/11.3.1/../../../../arm-none-eabi/lib/thumb/v7e-m/nofp\libc_nano.a(libc_a-init.o)
                0x000000000800140c                __libc_init_array
 .text.__retarget_lock_init_recursive
                0x0000000008001454        0x2 D:/STM32/STM32CubeIDE_1.13.2/STM32CubeIDE/plugins/com.st.stm32cube.ide.mcu.externaltools.gnu-tools-for-stm32.11.3.rel1.win32_1.1.1.202309131626/tools/bin/../lib/gcc/arm-none-eabi/11.3.1/../../../../arm-none-eabi/lib/thumb/v7e-m/nofp\libc_nano.a(libc_a-lock.o)
                0x0000000008001454                __retarget_lock_init_recursive
 .text.__retarget_lock_acquire_recursive
                0x0000000008001456        0x2 D:/STM32/STM32CubeIDE_1.13.2/STM32CubeIDE/plugins/com.st.stm32cube.ide.mcu.externaltools.gnu-tools-for-stm32.11.3.rel1.win32_1.1.1.202309131626/tools/bin/../lib/gcc/arm-none-eabi/11.3.1/../../../../arm-none-eabi/lib/thumb/v7e-m/nofp\libc_nano.a(libc_a-lock.o)
                0x0000000008001456                __retarget_lock_acquire_recursive
 .text.__retarget_lock_release_recursive
                0x0000000008001458        0x2 D:/STM32/STM32CubeIDE_1.13.2/STM32CubeIDE/plugins/com.st.stm32cube.ide.mcu.externaltools.gnu-tools-for-stm32.11.3.rel1.win32_1.1.1.202309131626/tools/bin/../lib/gcc/arm-none-eabi/11.3.1/../../../../arm-none-eabi/lib/thumb/v7e-m/nofp\libc_nano.a(libc_a-lock.o)
                0x0000000008001458                __retarget_lock_release_recursive
 *fill*         0x000000000800145a        0x2 
 .text._free_r  0x000000000800145c       0x94 D:/STM32/STM32CubeIDE_1.13.2/STM32CubeIDE/plugins/com.st.stm32cube.ide.mcu.externaltools.gnu-tools-for-stm32.11.3.rel1.win32_1.1.1.202309131626/tools/bin/../lib/gcc/arm-none-eabi/11.3.1/../../../../arm-none-eabi/lib/thumb/v7e-m/nofp\libc_nano.a(libc_a-freer.o)
                0x000000000800145c                _free_r
 .text.sbrk_aligned
                0x00000000080014f0       0x40 D:/STM32/STM32CubeIDE_1.13.2/STM32CubeIDE/plugins/com.st.stm32cube.ide.mcu.externaltools.gnu-tools-for-stm32.11.3.rel1.win32_1.1.1.202309131626/tools/bin/../lib/gcc/arm-none-eabi/11.3.1/../../../../arm-none-eabi/lib/thumb/v7e-m/nofp\libc_nano.a(libc_a-mallocr.o)
 .text._malloc_r
                0x0000000008001530      0x100 D:/STM32/STM32CubeIDE_1.13.2/STM32CubeIDE/plugins/com.st.stm32cube.ide.mcu.externaltools.gnu-tools-for-stm32.11.3.rel1.win32_1.1.1.202309131626/tools/bin/../lib/gcc/arm-none-eabi/11.3.1/../../../../arm-none-eabi/lib/thumb/v7e-m/nofp\libc_nano.a(libc_a-mallocr.o)
                0x0000000008001530                _malloc_r
 .text.__malloc_lock
                0x0000000008001630        0xc D:/STM32/STM32CubeIDE_1.13.2/STM32CubeIDE/plugins/com.st.stm32cube.ide.mcu.externaltools.gnu-tools-for-stm32.11.3.rel1.win32_1.1.1.202309131626/tools/bin/../lib/gcc/arm-none-eabi/11.3.1/../../../../arm-none-eabi/lib/thumb/v7e-m/nofp\libc_nano.a(libc_a-mlock.o)
                0x0000000008001630                __malloc_lock
 .text.__malloc_unlock
                0x000000000800163c        0xc D:/STM32/STM32CubeIDE_1.13.2/STM32CubeIDE/plugins/com.st.stm32cube.ide.mcu.externaltools.gnu-tools-for-stm32.11.3.rel1.win32_1.1.1.202309131626/tools/bin/../lib/gcc/arm-none-eabi/11.3.1/../../../../arm-none-eabi/lib/thumb/v7e-m/nofp\libc_nano.a(libc_a-mlock.o)
                0x000000000800163c                __malloc_unlock
 .text.__sfputc_r
                0x0000000008001648       0x2a D:/STM32/STM32CubeIDE_1.13.2/STM32CubeIDE/plugins/com.st.stm32cube.ide.mcu.externaltools.gnu-tools-for-stm32.11.3.rel1.win32_1.1.1.202309131626/tools/bin/../lib/gcc/arm-none-eabi/11.3.1/../../../../arm-none-eabi/lib/thumb/v7e-m/nofp\libc_nano.a(libc_a-nano-vfprintf.o)
 .text.__sfputs_r
                0x0000000008001672       0x24 D:/STM32/STM32CubeIDE_1.13.2/STM32CubeIDE/plugins/com.st.stm32cube.ide.mcu.externaltools.gnu-tools-for-stm32.11.3.rel1.win32_1.1.1.202309131626/tools/bin/../lib/gcc/arm-none-eabi/11.3.1/../../../../arm-none-eabi/lib/thumb/v7e-m/nofp\libc_nano.a(libc_a-nano-vfprintf.o)
                0x0000000008001672                __sfputs_r
 *fill*         0x0000000008001696        0x2 
 .text._vfprintf_r
                0x0000000008001698      0x234 D:/STM32/STM32CubeIDE_1.13.2/STM32CubeIDE/plugins/com.st.stm32cube.ide.mcu.externaltools.gnu-tools-for-stm32.11.3.rel1.win32_1.1.1.202309131626/tools/bin/../lib/gcc/arm-none-eabi/11.3.1/../../../../arm-none-eabi/lib/thumb/v7e-m/nofp\libc_nano.a(libc_a-nano-vfprintf.o)
                0x0000000008001698                _vfprintf_r
                0x0000000008001698                _vfiprintf_r
 .text._printf_common
                0x00000000080018cc       0xda D:/STM32/STM32CubeIDE_1.13.2/STM32CubeIDE/plugins/com.st.stm32cube.ide.mcu.externaltools.gnu-tools-for-stm32.11.3.rel1.win32_1.1.1.202309131626/tools/bin/../lib/gcc/arm-none-eabi/11.3.1/../../../../arm-none-eabi/lib/thumb/v7e-m/nofp\libc_nano.a(libc_a-nano-vfprintf_i.o)
                0x00000000080018cc                _printf_common
 *fill*         0x00000000080019a6        0x2 
 .text._printf_i
                0x00000000080019a8      0x244 D:/STM32/STM32CubeIDE_1.13.2/STM32CubeIDE/plugins/com.st.stm32cube.ide.mcu.externaltools.gnu-tools-for-stm32.11.3.rel1.win32_1.1.1.202309131626/tools/bin/../lib/gcc/arm-none-eabi/11.3.1/../../../../arm-none-eabi/lib/thumb/v7e-m/nofp\libc_nano.a(libc_a-nano-vfprintf_i.o)
                0x00000000080019a8                _printf_i
 .text.__sflush_r
                0x0000000008001bec      0x104 D:/STM32/STM32CubeIDE_1.13.2/STM32CubeIDE/plugins/com.st.stm32cube.ide.mcu.externaltools.gnu-tools-for-stm32.11.3.rel1.win32_1.1.1.202309131626/tools/bin/../lib/gcc/arm-none-eabi/11.3.1/../../../../arm-none-eabi/lib/thumb/v7e-m/nofp\libc_nano.a(libc_a-fflush.o)
                0x0000000008001bec                __sflush_r
 .text._fflush_r
                0x0000000008001cf0       0x50 D:/STM32/STM32CubeIDE_1.13.2/STM32CubeIDE/plugins/com.st.stm32cube.ide.mcu.externaltools.gnu-tools-for-stm32.11.3.rel1.win32_1.1.1.202309131626/tools/bin/../lib/gcc/arm-none-eabi/11.3.1/../../../../arm-none-eabi/lib/thumb/v7e-m/nofp\libc_nano.a(libc_a-fflush.o)
                0x0000000008001cf0                _fflush_r
 .text.__swhatbuf_r
                0x0000000008001d40       0x4c D:/STM32/STM32CubeIDE_1.13.2/STM32CubeIDE/plugins/com.st.stm32cube.ide.mcu.externaltools.gnu-tools-for-stm32.11.3.rel1.win32_1.1.1.202309131626/tools/bin/../lib/gcc/arm-none-eabi/11.3.1/../../../../arm-none-eabi/lib/thumb/v7e-m/nofp\libc_nano.a(libc_a-makebuf.o)
                0x0000000008001d40                __swhatbuf_r
 .text.__smakebuf_r
                0x0000000008001d8c       0x78 D:/STM32/STM32CubeIDE_1.13.2/STM32CubeIDE/plugins/com.st.stm32cube.ide.mcu.externaltools.gnu-tools-for-stm32.11.3.rel1.win32_1.1.1.202309131626/tools/bin/../lib/gcc/arm-none-eabi/11.3.1/../../../../arm-none-eabi/lib/thumb/v7e-m/nofp\libc_nano.a(libc_a-makebuf.o)
                0x0000000008001d8c                __smakebuf_r
 .text._fstat_r
                0x0000000008001e04       0x24 D:/STM32/STM32CubeIDE_1.13.2/STM32CubeIDE/plugins/com.st.stm32cube.ide.mcu.externaltools.gnu-tools-for-stm32.11.3.rel1.win32_1.1.1.202309131626/tools/bin/../lib/gcc/arm-none-eabi/11.3.1/../../../../arm-none-eabi/lib/thumb/v7e-m/nofp\libc_nano.a(libc_a-fstatr.o)
                0x0000000008001e04                _fstat_r
 .text._isatty_r
                0x0000000008001e28       0x20 D:/STM32/STM32CubeIDE_1.13.2/STM32CubeIDE/plugins/com.st.stm32cube.ide.mcu.externaltools.gnu-tools-for-stm32.11.3.rel1.win32_1.1.1.202309131626/tools/bin/../lib/gcc/arm-none-eabi/11.3.1/../../../../arm-none-eabi/lib/thumb/v7e-m/nofp\libc_nano.a(libc_a-isattyr.o)
                0x0000000008001e28                _isatty_r
 .text._sbrk_r  0x0000000008001e48       0x20 D:/STM32/STM32CubeIDE_1.13.2/STM32CubeIDE/plugins/com.st.stm32cube.ide.mcu.externaltools.gnu-tools-for-stm32.11.3.rel1.win32_1.1.1.202309131626/tools/bin/../lib/gcc/arm-none-eabi/11.3.1/../../../../arm-none-eabi/lib/thumb/v7e-m/nofp\libc_nano.a(libc_a-sbrkr.o)
                0x0000000008001e48                _sbrk_r
 *(.glue_7)
 .glue_7        0x0000000008001e68        0x0 linker stubs
 *(.glue_7t)
 .glue_7t       0x0000000008001e68        0x0 linker stubs
 *(.eh_frame)
 .eh_frame      0x0000000008001e68        0x0 D:/STM32/STM32CubeIDE_1.13.2/STM32CubeIDE/plugins/com.st.stm32cube.ide.mcu.externaltools.gnu-tools-for-stm32.11.3.rel1.win32_1.1.1.202309131626/tools/bin/../lib/gcc/arm-none-eabi/11.3.1/thumb/v7e-m/nofp/crtbegin.o
 *(.init)
 .init          0x0000000008001e68        0x4 D:/STM32/STM32CubeIDE_1.13.2/STM32CubeIDE/plugins/com.st.stm32cube.ide.mcu.externaltools.gnu-tools-for-stm32.11.3.rel1.win32_1.1.1.202309131626/tools/bin/../lib/gcc/arm-none-eabi/11.3.1/thumb/v7e-m/nofp/crti.o
                0x0000000008001e68                _init
 .init          0x0000000008001e6c        0x8 D:/STM32/STM32CubeIDE_1.13.2/STM32CubeIDE/plugins/com.st.stm32cube.ide.mcu.externaltools.gnu-tools-for-stm32.11.3.rel1.win32_1.1.1.202309131626/tools/bin/../lib/gcc/arm-none-eabi/11.3.1/thumb/v7e-m/nofp/crtn.o
 *(.fini)
 .fini          0x0000000008001e74        0x4 D:/STM32/STM32CubeIDE_1.13.2/STM32CubeIDE/plugins/com.st.stm32cube.ide.mcu.externaltools.gnu-tools-for-stm32.11.3.rel1.win32_1.1.1.202309131626/tools/bin/../lib/gcc/arm-none-eabi/11.3.1/thumb/v7e-m/nofp/crti.o
                0x0000000008001e74                _fini
 .fini          0x0000000008001e78        0x8 D:/STM32/STM32CubeIDE_1.13.2/STM32CubeIDE/plugins/com.st.stm32cube.ide.mcu.externaltools.gnu-tools-for-stm32.11.3.rel1.win32_1.1.1.202309131626/tools/bin/../lib/gcc/arm-none-eabi/11.3.1/thumb/v7e-m/nofp/crtn.o
                0x0000000008001e80                . = ALIGN (0x4)
                0x0000000008001e80                _etext = .

.vfp11_veneer   0x0000000008001e80        0x0
 .vfp11_veneer  0x0000000008001e80        0x0 linker stubs

.v4_bx          0x0000000008001e80        0x0
 .v4_bx         0x0000000008001e80        0x0 linker stubs

.iplt           0x0000000008001e80        0x0
 .iplt          0x0000000008001e80        0x0 D:/STM32/STM32CubeIDE_1.13.2/STM32CubeIDE/plugins/com.st.stm32cube.ide.mcu.externaltools.gnu-tools-for-stm32.11.3.rel1.win32_1.1.1.202309131626/tools/bin/../lib/gcc/arm-none-eabi/11.3.1/thumb/v7e-m/nofp/crtbegin.o

.rodata         0x0000000008001e80       0x78
                0x0000000008001e80                . = ALIGN (0x4)
 *(.rodata)
 .rodata        0x0000000008001e80       0x44 ./Src/012_I2C_Master_RX_Test_IT.o
 *(.rodata*)
 .rodata._vfprintf_r.str1.1
                0x0000000008001ec4       0x11 D:/STM32/STM32CubeIDE_1.13.2/STM32CubeIDE/plugins/com.st.stm32cube.ide.mcu.externaltools.gnu-tools-for-stm32.11.3.rel1.win32_1.1.1.202309131626/tools/bin/../lib/gcc/arm-none-eabi/11.3.1/../../../../arm-none-eabi/lib/thumb/v7e-m/nofp\libc_nano.a(libc_a-nano-vfprintf.o)
 .rodata._printf_i.str1.1
                0x0000000008001ed5       0x22 D:/STM32/STM32CubeIDE_1.13.2/STM32CubeIDE/plugins/com.st.stm32cube.ide.mcu.externaltools.gnu-tools-for-stm32.11.3.rel1.win32_1.1.1.202309131626/tools/bin/../lib/gcc/arm-none-eabi/11.3.1/../../../../arm-none-eabi/lib/thumb/v7e-m/nofp\libc_nano.a(libc_a-nano-vfprintf_i.o)
                0x0000000008001ef8                . = ALIGN (0x4)
 *fill*         0x0000000008001ef7        0x1 

.rel.dyn        0x0000000008001ef8        0x0
 .rel.iplt      0x0000000008001ef8        0x0 D:/STM32/STM32CubeIDE_1.13.2/STM32CubeIDE/plugins/com.st.stm32cube.ide.mcu.externaltools.gnu-tools-for-stm32.11.3.rel1.win32_1.1.1.202309131626/tools/bin/../lib/gcc/arm-none-eabi/11.3.1/thumb/v7e-m/nofp/crtbegin.o

.ARM.extab      0x0000000008001ef8        0x0
                0x0000000008001ef8                . = ALIGN (0x4)
 *(.ARM.extab* .gnu.linkonce.armextab.*)
                0x0000000008001ef8                . = ALIGN (0x4)

.ARM            0x0000000008001ef8        0x0
                0x0000000008001ef8                . = ALIGN (0x4)
                0x0000000008001ef8                __exidx_start = .
 *(.ARM.exidx*)
                0x0000000008001ef8                __exidx_end = .
                0x0000000008001ef8                . = ALIGN (0x4)

.preinit_array  0x0000000008001ef8        0x0
                0x0000000008001ef8                . = ALIGN (0x4)
                0x0000000008001ef8                PROVIDE (__preinit_array_start = .)
 *(.preinit_array*)
                0x0000000008001ef8                PROVIDE (__preinit_array_end = .)
                0x0000000008001ef8                . = ALIGN (0x4)

.init_array     0x0000000008001ef8        0x4
                0x0000000008001ef8                . = ALIGN (0x4)
                0x0000000008001ef8                PROVIDE (__init_array_start = .)
 *(SORT_BY_NAME(.init_array.*))
 *(.init_array*)
 .init_array    0x0000000008001ef8        0x4 D:/STM32/STM32CubeIDE_1.13.2/STM32CubeIDE/plugins/com.st.stm32cube.ide.mcu.externaltools.gnu-tools-for-stm32.11.3.rel1.win32_1.1.1.202309131626/tools/bin/../lib/gcc/arm-none-eabi/11.3.1/thumb/v7e-m/nofp/crtbegin.o
                0x0000000008001efc                PROVIDE (__init_array_end = .)
                0x0000000008001efc                . = ALIGN (0x4)

.fini_array     0x0000000008001efc        0x4
                0x0000000008001efc                . = ALIGN (0x4)
                [!provide]                        PROVIDE (__fini_array_start = .)
 *(SORT_BY_NAME(.fini_array.*))
 *(.fini_array*)
 .fini_array    0x0000000008001efc        0x4 D:/STM32/STM32CubeIDE_1.13.2/STM32CubeIDE/plugins/com.st.stm32cube.ide.mcu.externaltools.gnu-tools-for-stm32.11.3.rel1.win32_1.1.1.202309131626/tools/bin/../lib/gcc/arm-none-eabi/11.3.1/thumb/v7e-m/nofp/crtbegin.o
                [!provide]                        PROVIDE (__fini_array_end = .)
                0x0000000008001f00                . = ALIGN (0x4)
                0x0000000008001f00                _sidata = LOADADDR (.data)

.data           0x0000000020000000       0x70 load address 0x0000000008001f00
                0x0000000020000000                . = ALIGN (0x4)
                0x0000000020000000                _sdata = .
 *(.data)
 *(.data*)
 .data.AHB_Prescaler
                0x0000000020000000       0x10 ./drivers/Src/stm32f407_i2c_driver.o
                0x0000000020000000                AHB_Prescaler
 .data.APB1_Prescaler
                0x0000000020000010        0x4 ./drivers/Src/stm32f407_i2c_driver.o
                0x0000000020000010                APB1_Prescaler
 .data.__sglue  0x0000000020000014        0xc D:/STM32/STM32CubeIDE_1.13.2/STM32CubeIDE/plugins/com.st.stm32cube.ide.mcu.externaltools.gnu-tools-for-stm32.11.3.rel1.win32_1.1.1.202309131626/tools/bin/../lib/gcc/arm-none-eabi/11.3.1/../../../../arm-none-eabi/lib/thumb/v7e-m/nofp\libc_nano.a(libc_a-findfp.o)
                0x0000000020000014                __sglue
 .data._impure_data
                0x0000000020000020       0x4c D:/STM32/STM32CubeIDE_1.13.2/STM32CubeIDE/plugins/com.st.stm32cube.ide.mcu.externaltools.gnu-tools-for-stm32.11.3.rel1.win32_1.1.1.202309131626/tools/bin/../lib/gcc/arm-none-eabi/11.3.1/../../../../arm-none-eabi/lib/thumb/v7e-m/nofp\libc_nano.a(libc_a-impure.o)
                0x0000000020000020                _impure_data
 .data._impure_ptr
                0x000000002000006c        0x4 D:/STM32/STM32CubeIDE_1.13.2/STM32CubeIDE/plugins/com.st.stm32cube.ide.mcu.externaltools.gnu-tools-for-stm32.11.3.rel1.win32_1.1.1.202309131626/tools/bin/../lib/gcc/arm-none-eabi/11.3.1/../../../../arm-none-eabi/lib/thumb/v7e-m/nofp\libc_nano.a(libc_a-impure.o)
                0x000000002000006c                _impure_ptr
 *(.RamFunc)
 *(.RamFunc*)
                0x0000000020000070                . = ALIGN (0x4)
                0x0000000020000070                _edata = .
                0x0000000008001f70                _siccmram = LOADADDR (.ccmram)

.igot.plt       0x0000000020000070        0x0 load address 0x0000000008001f70
 .igot.plt      0x0000000020000070        0x0 D:/STM32/STM32CubeIDE_1.13.2/STM32CubeIDE/plugins/com.st.stm32cube.ide.mcu.externaltools.gnu-tools-for-stm32.11.3.rel1.win32_1.1.1.202309131626/tools/bin/../lib/gcc/arm-none-eabi/11.3.1/thumb/v7e-m/nofp/crtbegin.o

.ccmram         0x0000000010000000        0x0 load address 0x0000000008001f70
                0x0000000010000000                . = ALIGN (0x4)
                0x0000000010000000                _sccmram = .
 *(.ccmram)
 *(.ccmram*)
                0x0000000010000000                . = ALIGN (0x4)
                0x0000000010000000                _eccmram = .
                0x0000000010000000                . = ALIGN (0x4)

.bss            0x0000000020000070      0x1b8
                0x0000000020000070                _sbss = .
                0x0000000020000070                __bss_start__ = _sbss
 *(.bss)
 .bss           0x0000000020000070       0x1c D:/STM32/STM32CubeIDE_1.13.2/STM32CubeIDE/plugins/com.st.stm32cube.ide.mcu.externaltools.gnu-tools-for-stm32.11.3.rel1.win32_1.1.1.202309131626/tools/bin/../lib/gcc/arm-none-eabi/11.3.1/thumb/v7e-m/nofp/crtbegin.o
 *(.bss*)
 .bss.rxComplt  0x000000002000008c        0x1 ./Src/012_I2C_Master_RX_Test_IT.o
                0x000000002000008c                rxComplt
 *fill*         0x000000002000008d        0x3 
 .bss.I2C1Handle
                0x0000000020000090       0x28 ./Src/012_I2C_Master_RX_Test_IT.o
                0x0000000020000090                I2C1Handle
 .bss.rx_buffer
                0x00000000200000b8       0x20 ./Src/012_I2C_Master_RX_Test_IT.o
                0x00000000200000b8                rx_buffer
 .bss.__sbrk_heap_end
                0x00000000200000d8        0x4 ./Src/sysmem.o
 .bss.__sf      0x00000000200000dc      0x138 D:/STM32/STM32CubeIDE_1.13.2/STM32CubeIDE/plugins/com.st.stm32cube.ide.mcu.externaltools.gnu-tools-for-stm32.11.3.rel1.win32_1.1.1.202309131626/tools/bin/../lib/gcc/arm-none-eabi/11.3.1/../../../../arm-none-eabi/lib/thumb/v7e-m/nofp\libc_nano.a(libc_a-findfp.o)
                0x00000000200000dc                __sf
 .bss.__stdio_exit_handler
                0x0000000020000214        0x4 D:/STM32/STM32CubeIDE_1.13.2/STM32CubeIDE/plugins/com.st.stm32cube.ide.mcu.externaltools.gnu-tools-for-stm32.11.3.rel1.win32_1.1.1.202309131626/tools/bin/../lib/gcc/arm-none-eabi/11.3.1/../../../../arm-none-eabi/lib/thumb/v7e-m/nofp\libc_nano.a(libc_a-findfp.o)
                0x0000000020000214                __stdio_exit_handler
 .bss.errno     0x0000000020000218        0x4 D:/STM32/STM32CubeIDE_1.13.2/STM32CubeIDE/plugins/com.st.stm32cube.ide.mcu.externaltools.gnu-tools-for-stm32.11.3.rel1.win32_1.1.1.202309131626/tools/bin/../lib/gcc/arm-none-eabi/11.3.1/../../../../arm-none-eabi/lib/thumb/v7e-m/nofp\libc_nano.a(libc_a-reent.o)
                0x0000000020000218                errno
 .bss.__lock___malloc_recursive_mutex
                0x000000002000021c        0x1 D:/STM32/STM32CubeIDE_1.13.2/STM32CubeIDE/plugins/com.st.stm32cube.ide.mcu.externaltools.gnu-tools-for-stm32.11.3.rel1.win32_1.1.1.202309131626/tools/bin/../lib/gcc/arm-none-eabi/11.3.1/../../../../arm-none-eabi/lib/thumb/v7e-m/nofp\libc_nano.a(libc_a-lock.o)
                0x000000002000021c                __lock___malloc_recursive_mutex
 .bss.__lock___sfp_recursive_mutex
                0x000000002000021d        0x1 D:/STM32/STM32CubeIDE_1.13.2/STM32CubeIDE/plugins/com.st.stm32cube.ide.mcu.externaltools.gnu-tools-for-stm32.11.3.rel1.win32_1.1.1.202309131626/tools/bin/../lib/gcc/arm-none-eabi/11.3.1/../../../../arm-none-eabi/lib/thumb/v7e-m/nofp\libc_nano.a(libc_a-lock.o)
                0x000000002000021d                __lock___sfp_recursive_mutex
 *fill*         0x000000002000021e        0x2 
 .bss.__malloc_free_list
                0x0000000020000220        0x4 D:/STM32/STM32CubeIDE_1.13.2/STM32CubeIDE/plugins/com.st.stm32cube.ide.mcu.externaltools.gnu-tools-for-stm32.11.3.rel1.win32_1.1.1.202309131626/tools/bin/../lib/gcc/arm-none-eabi/11.3.1/../../../../arm-none-eabi/lib/thumb/v7e-m/nofp\libc_nano.a(libc_a-mallocr.o)
                0x0000000020000220                __malloc_free_list
 .bss.__malloc_sbrk_start
                0x0000000020000224        0x4 D:/STM32/STM32CubeIDE_1.13.2/STM32CubeIDE/plugins/com.st.stm32cube.ide.mcu.externaltools.gnu-tools-for-stm32.11.3.rel1.win32_1.1.1.202309131626/tools/bin/../lib/gcc/arm-none-eabi/11.3.1/../../../../arm-none-eabi/lib/thumb/v7e-m/nofp\libc_nano.a(libc_a-mallocr.o)
                0x0000000020000224                __malloc_sbrk_start
 *(COMMON)
                0x0000000020000228                . = ALIGN (0x4)
                0x0000000020000228                _ebss = .
                0x0000000020000228                __bss_end__ = _ebss

._user_heap_stack
                0x0000000020000228      0x600
                0x0000000020000228                . = ALIGN (0x8)
                [!provide]                        PROVIDE (end = .)
                0x0000000020000228                PROVIDE (_end = .)
                0x0000000020000428                . = (. + _Min_Heap_Size)
 *fill*         0x0000000020000228      0x200 
                0x0000000020000828                . = (. + _Min_Stack_Size)
 *fill*         0x0000000020000428      0x400 
                0x0000000020000828                . = ALIGN (0x8)

/DISCARD/
 libc.a(*)
 libm.a(*)
 libgcc.a(*)

.ARM.attributes
                0x0000000000000000       0x2a
 *(.ARM.attributes)
 .ARM.attributes
                0x0000000000000000       0x1e D:/STM32/STM32CubeIDE_1.13.2/STM32CubeIDE/plugins/com.st.stm32cube.ide.mcu.externaltools.gnu-tools-for-stm32.11.3.rel1.win32_1.1.1.202309131626/tools/bin/../lib/gcc/arm-none-eabi/11.3.1/thumb/v7e-m/nofp/crti.o
 .ARM.attributes
                0x000000000000001e       0x2e D:/STM32/STM32CubeIDE_1.13.2/STM32CubeIDE/plugins/com.st.stm32cube.ide.mcu.externaltools.gnu-tools-for-stm32.11.3.rel1.win32_1.1.1.202309131626/tools/bin/../lib/gcc/arm-none-eabi/11.3.1/thumb/v7e-m/nofp/crtbegin.o
 .ARM.attributes
                0x000000000000004c       0x2e ./Src/012_I2C_Master_RX_Test_IT.o
 .ARM.attributes
                0x000000000000007a       0x2e ./Src/syscalls.o
 .ARM.attributes
                0x00000000000000a8       0x2e ./Src/sysmem.o
 .ARM.attributes
                0x00000000000000d6       0x21 ./Startup/startup_stm32f407vgtx.o
 .ARM.attributes
                0x00000000000000f7       0x2e ./drivers/Src/stm32f407_gpio_driver.o
 .ARM.attributes
                0x0000000000000125       0x2e ./drivers/Src/stm32f407_i2c_driver.o
 .ARM.attributes
                0x0000000000000153       0x2e D:/STM32/STM32CubeIDE_1.13.2/STM32CubeIDE/plugins/com.st.stm32cube.ide.mcu.externaltools.gnu-tools-for-stm32.11.3.rel1.win32_1.1.1.202309131626/tools/bin/../lib/gcc/arm-none-eabi/11.3.1/../../../../arm-none-eabi/lib/thumb/v7e-m/nofp\libc_nano.a(libc_a-findfp.o)
 .ARM.attributes
                0x0000000000000181       0x2e D:/STM32/STM32CubeIDE_1.13.2/STM32CubeIDE/plugins/com.st.stm32cube.ide.mcu.externaltools.gnu-tools-for-stm32.11.3.rel1.win32_1.1.1.202309131626/tools/bin/../lib/gcc/arm-none-eabi/11.3.1/../../../../arm-none-eabi/lib/thumb/v7e-m/nofp\libc_nano.a(libc_a-fwalk.o)
 .ARM.attributes
                0x00000000000001af       0x2e D:/STM32/STM32CubeIDE_1.13.2/STM32CubeIDE/plugins/com.st.stm32cube.ide.mcu.externaltools.gnu-tools-for-stm32.11.3.rel1.win32_1.1.1.202309131626/tools/bin/../lib/gcc/arm-none-eabi/11.3.1/../../../../arm-none-eabi/lib/thumb/v7e-m/nofp\libc_nano.a(libc_a-printf.o)
 .ARM.attributes
                0x00000000000001dd       0x2e D:/STM32/STM32CubeIDE_1.13.2/STM32CubeIDE/plugins/com.st.stm32cube.ide.mcu.externaltools.gnu-tools-for-stm32.11.3.rel1.win32_1.1.1.202309131626/tools/bin/../lib/gcc/arm-none-eabi/11.3.1/../../../../arm-none-eabi/lib/thumb/v7e-m/nofp\libc_nano.a(libc_a-stdio.o)
 .ARM.attributes
                0x000000000000020b       0x2e D:/STM32/STM32CubeIDE_1.13.2/STM32CubeIDE/plugins/com.st.stm32cube.ide.mcu.externaltools.gnu-tools-for-stm32.11.3.rel1.win32_1.1.1.202309131626/tools/bin/../lib/gcc/arm-none-eabi/11.3.1/../../../../arm-none-eabi/lib/thumb/v7e-m/nofp\libc_nano.a(libc_a-wbuf.o)
 .ARM.attributes
                0x0000000000000239       0x2e D:/STM32/STM32CubeIDE_1.13.2/STM32CubeIDE/plugins/com.st.stm32cube.ide.mcu.externaltools.gnu-tools-for-stm32.11.3.rel1.win32_1.1.1.202309131626/tools/bin/../lib/gcc/arm-none-eabi/11.3.1/../../../../arm-none-eabi/lib/thumb/v7e-m/nofp\libc_nano.a(libc_a-wsetup.o)
 .ARM.attributes
                0x0000000000000267       0x2e D:/STM32/STM32CubeIDE_1.13.2/STM32CubeIDE/plugins/com.st.stm32cube.ide.mcu.externaltools.gnu-tools-for-stm32.11.3.rel1.win32_1.1.1.202309131626/tools/bin/../lib/gcc/arm-none-eabi/11.3.1/../../../../arm-none-eabi/lib/thumb/v7e-m/nofp\libc_nano.a(libc_a-memset.o)
 .ARM.attributes
                0x0000000000000295       0x2e D:/STM32/STM32CubeIDE_1.13.2/STM32CubeIDE/plugins/com.st.stm32cube.ide.mcu.externaltools.gnu-tools-for-stm32.11.3.rel1.win32_1.1.1.202309131626/tools/bin/../lib/gcc/arm-none-eabi/11.3.1/../../../../arm-none-eabi/lib/thumb/v7e-m/nofp\libc_nano.a(libc_a-closer.o)
 .ARM.attributes
                0x00000000000002c3       0x2e D:/STM32/STM32CubeIDE_1.13.2/STM32CubeIDE/plugins/com.st.stm32cube.ide.mcu.externaltools.gnu-tools-for-stm32.11.3.rel1.win32_1.1.1.202309131626/tools/bin/../lib/gcc/arm-none-eabi/11.3.1/../../../../arm-none-eabi/lib/thumb/v7e-m/nofp\libc_nano.a(libc_a-reent.o)
 .ARM.attributes
                0x00000000000002f1       0x2e D:/STM32/STM32CubeIDE_1.13.2/STM32CubeIDE/plugins/com.st.stm32cube.ide.mcu.externaltools.gnu-tools-for-stm32.11.3.rel1.win32_1.1.1.202309131626/tools/bin/../lib/gcc/arm-none-eabi/11.3.1/../../../../arm-none-eabi/lib/thumb/v7e-m/nofp\libc_nano.a(libc_a-impure.o)
 .ARM.attributes
                0x000000000000031f       0x2e D:/STM32/STM32CubeIDE_1.13.2/STM32CubeIDE/plugins/com.st.stm32cube.ide.mcu.externaltools.gnu-tools-for-stm32.11.3.rel1.win32_1.1.1.202309131626/tools/bin/../lib/gcc/arm-none-eabi/11.3.1/../../../../arm-none-eabi/lib/thumb/v7e-m/nofp\libc_nano.a(libc_a-lseekr.o)
 .ARM.attributes
                0x000000000000034d       0x2e D:/STM32/STM32CubeIDE_1.13.2/STM32CubeIDE/plugins/com.st.stm32cube.ide.mcu.externaltools.gnu-tools-for-stm32.11.3.rel1.win32_1.1.1.202309131626/tools/bin/../lib/gcc/arm-none-eabi/11.3.1/../../../../arm-none-eabi/lib/thumb/v7e-m/nofp\libc_nano.a(libc_a-readr.o)
 .ARM.attributes
                0x000000000000037b       0x2e D:/STM32/STM32CubeIDE_1.13.2/STM32CubeIDE/plugins/com.st.stm32cube.ide.mcu.externaltools.gnu-tools-for-stm32.11.3.rel1.win32_1.1.1.202309131626/tools/bin/../lib/gcc/arm-none-eabi/11.3.1/../../../../arm-none-eabi/lib/thumb/v7e-m/nofp\libc_nano.a(libc_a-writer.o)
 .ARM.attributes
                0x00000000000003a9       0x2e D:/STM32/STM32CubeIDE_1.13.2/STM32CubeIDE/plugins/com.st.stm32cube.ide.mcu.externaltools.gnu-tools-for-stm32.11.3.rel1.win32_1.1.1.202309131626/tools/bin/../lib/gcc/arm-none-eabi/11.3.1/../../../../arm-none-eabi/lib/thumb/v7e-m/nofp\libc_nano.a(libc_a-errno.o)
 .ARM.attributes
                0x00000000000003d7       0x2e D:/STM32/STM32CubeIDE_1.13.2/STM32CubeIDE/plugins/com.st.stm32cube.ide.mcu.externaltools.gnu-tools-for-stm32.11.3.rel1.win32_1.1.1.202309131626/tools/bin/../lib/gcc/arm-none-eabi/11.3.1/../../../../arm-none-eabi/lib/thumb/v7e-m/nofp\libc_nano.a(libc_a-init.o)
 .ARM.attributes
                0x0000000000000405       0x2e D:/STM32/STM32CubeIDE_1.13.2/STM32CubeIDE/plugins/com.st.stm32cube.ide.mcu.externaltools.gnu-tools-for-stm32.11.3.rel1.win32_1.1.1.202309131626/tools/bin/../lib/gcc/arm-none-eabi/11.3.1/../../../../arm-none-eabi/lib/thumb/v7e-m/nofp\libc_nano.a(libc_a-lock.o)
 .ARM.attributes
                0x0000000000000433       0x2e D:/STM32/STM32CubeIDE_1.13.2/STM32CubeIDE/plugins/com.st.stm32cube.ide.mcu.externaltools.gnu-tools-for-stm32.11.3.rel1.win32_1.1.1.202309131626/tools/bin/../lib/gcc/arm-none-eabi/11.3.1/../../../../arm-none-eabi/lib/thumb/v7e-m/nofp\libc_nano.a(libc_a-freer.o)
 .ARM.attributes
                0x0000000000000461       0x2e D:/STM32/STM32CubeIDE_1.13.2/STM32CubeIDE/plugins/com.st.stm32cube.ide.mcu.externaltools.gnu-tools-for-stm32.11.3.rel1.win32_1.1.1.202309131626/tools/bin/../lib/gcc/arm-none-eabi/11.3.1/../../../../arm-none-eabi/lib/thumb/v7e-m/nofp\libc_nano.a(libc_a-mallocr.o)
 .ARM.attributes
                0x000000000000048f       0x2e D:/STM32/STM32CubeIDE_1.13.2/STM32CubeIDE/plugins/com.st.stm32cube.ide.mcu.externaltools.gnu-tools-for-stm32.11.3.rel1.win32_1.1.1.202309131626/tools/bin/../lib/gcc/arm-none-eabi/11.3.1/../../../../arm-none-eabi/lib/thumb/v7e-m/nofp\libc_nano.a(libc_a-mlock.o)
 .ARM.attributes
                0x00000000000004bd       0x2e D:/STM32/STM32CubeIDE_1.13.2/STM32CubeIDE/plugins/com.st.stm32cube.ide.mcu.externaltools.gnu-tools-for-stm32.11.3.rel1.win32_1.1.1.202309131626/tools/bin/../lib/gcc/arm-none-eabi/11.3.1/../../../../arm-none-eabi/lib/thumb/v7e-m/nofp\libc_nano.a(libc_a-nano-vfprintf.o)
 .ARM.attributes
                0x00000000000004eb       0x2e D:/STM32/STM32CubeIDE_1.13.2/STM32CubeIDE/plugins/com.st.stm32cube.ide.mcu.externaltools.gnu-tools-for-stm32.11.3.rel1.win32_1.1.1.202309131626/tools/bin/../lib/gcc/arm-none-eabi/11.3.1/../../../../arm-none-eabi/lib/thumb/v7e-m/nofp\libc_nano.a(libc_a-nano-vfprintf_i.o)
 .ARM.attributes
                0x0000000000000519       0x2e D:/STM32/STM32CubeIDE_1.13.2/STM32CubeIDE/plugins/com.st.stm32cube.ide.mcu.externaltools.gnu-tools-for-stm32.11.3.rel1.win32_1.1.1.202309131626/tools/bin/../lib/gcc/arm-none-eabi/11.3.1/../../../../arm-none-eabi/lib/thumb/v7e-m/nofp\libc_nano.a(libc_a-fflush.o)
 .ARM.attributes
                0x0000000000000547       0x2e D:/STM32/STM32CubeIDE_1.13.2/STM32CubeIDE/plugins/com.st.stm32cube.ide.mcu.externaltools.gnu-tools-for-stm32.11.3.rel1.win32_1.1.1.202309131626/tools/bin/../lib/gcc/arm-none-eabi/11.3.1/../../../../arm-none-eabi/lib/thumb/v7e-m/nofp\libc_nano.a(libc_a-makebuf.o)
 .ARM.attributes
                0x0000000000000575       0x2e D:/STM32/STM32CubeIDE_1.13.2/STM32CubeIDE/plugins/com.st.stm32cube.ide.mcu.externaltools.gnu-tools-for-stm32.11.3.rel1.win32_1.1.1.202309131626/tools/bin/../lib/gcc/arm-none-eabi/11.3.1/../../../../arm-none-eabi/lib/thumb/v7e-m/nofp\libc_nano.a(libc_a-fstatr.o)
 .ARM.attributes
                0x00000000000005a3       0x2e D:/STM32/STM32CubeIDE_1.13.2/STM32CubeIDE/plugins/com.st.stm32cube.ide.mcu.externaltools.gnu-tools-for-stm32.11.3.rel1.win32_1.1.1.202309131626/tools/bin/../lib/gcc/arm-none-eabi/11.3.1/../../../../arm-none-eabi/lib/thumb/v7e-m/nofp\libc_nano.a(libc_a-isattyr.o)
 .ARM.attributes
                0x00000000000005d1       0x2e D:/STM32/STM32CubeIDE_1.13.2/STM32CubeIDE/plugins/com.st.stm32cube.ide.mcu.externaltools.gnu-tools-for-stm32.11.3.rel1.win32_1.1.1.202309131626/tools/bin/../lib/gcc/arm-none-eabi/11.3.1/../../../../arm-none-eabi/lib/thumb/v7e-m/nofp\libc_nano.a(libc_a-sbrkr.o)
 .ARM.attributes
                0x00000000000005ff       0x1c D:/STM32/STM32CubeIDE_1.13.2/STM32CubeIDE/plugins/com.st.stm32cube.ide.mcu.externaltools.gnu-tools-for-stm32.11.3.rel1.win32_1.1.1.202309131626/tools/bin/../lib/gcc/arm-none-eabi/11.3.1/../../../../arm-none-eabi/lib/thumb/v7e-m/nofp\libc_nano.a(libc_a-memchr.o)
 .ARM.attributes
                0x000000000000061b       0x1e D:/STM32/STM32CubeIDE_1.13.2/STM32CubeIDE/plugins/com.st.stm32cube.ide.mcu.externaltools.gnu-tools-for-stm32.11.3.rel1.win32_1.1.1.202309131626/tools/bin/../lib/gcc/arm-none-eabi/11.3.1/thumb/v7e-m/nofp/crtn.o
OUTPUT(Driver_C.elf elf32-littlearm)
LOAD linker stubs
LOAD D:/STM32/STM32CubeIDE_1.13.2/STM32CubeIDE/plugins/com.st.stm32cube.ide.mcu.externaltools.gnu-tools-for-stm32.11.3.rel1.win32_1.1.1.202309131626/tools/bin/../lib/gcc/arm-none-eabi/11.3.1/../../../../arm-none-eabi/lib/thumb/v7e-m/nofp\libc.a
LOAD D:/STM32/STM32CubeIDE_1.13.2/STM32CubeIDE/plugins/com.st.stm32cube.ide.mcu.externaltools.gnu-tools-for-stm32.11.3.rel1.win32_1.1.1.202309131626/tools/bin/../lib/gcc/arm-none-eabi/11.3.1/../../../../arm-none-eabi/lib/thumb/v7e-m/nofp\libm.a
LOAD D:/STM32/STM32CubeIDE_1.13.2/STM32CubeIDE/plugins/com.st.stm32cube.ide.mcu.externaltools.gnu-tools-for-stm32.11.3.rel1.win32_1.1.1.202309131626/tools/bin/../lib/gcc/arm-none-eabi/11.3.1/thumb/v7e-m/nofp\libgcc.a

.comment        0x0000000000000000       0x43
 .comment       0x0000000000000000       0x43 D:/STM32/STM32CubeIDE_1.13.2/STM32CubeIDE/plugins/com.st.stm32cube.ide.mcu.externaltools.gnu-tools-for-stm32.11.3.rel1.win32_1.1.1.202309131626/tools/bin/../lib/gcc/arm-none-eabi/11.3.1/thumb/v7e-m/nofp/crtbegin.o
                                         0x44 (size before relaxing)
 .comment       0x0000000000000043       0x44 ./Src/012_I2C_Master_RX_Test_IT.o
 .comment       0x0000000000000043       0x44 ./Src/syscalls.o
 .comment       0x0000000000000043       0x44 ./Src/sysmem.o
 .comment       0x0000000000000043       0x44 ./drivers/Src/stm32f407_gpio_driver.o
 .comment       0x0000000000000043       0x44 ./drivers/Src/stm32f407_i2c_driver.o

.debug_info     0x0000000000000000     0x1fd2
 .debug_info    0x0000000000000000      0x602 ./Src/012_I2C_Master_RX_Test_IT.o
 .debug_info    0x0000000000000602      0x6d1 ./Src/syscalls.o
 .debug_info    0x0000000000000cd3      0x168 ./Src/sysmem.o
 .debug_info    0x0000000000000e3b       0x23 ./Startup/startup_stm32f407vgtx.o
 .debug_info    0x0000000000000e5e      0x708 ./drivers/Src/stm32f407_gpio_driver.o
 .debug_info    0x0000000000001566      0xa6c ./drivers/Src/stm32f407_i2c_driver.o

.debug_abbrev   0x0000000000000000      0x85f
 .debug_abbrev  0x0000000000000000      0x1b1 ./Src/012_I2C_Master_RX_Test_IT.o
 .debug_abbrev  0x00000000000001b1      0x1b1 ./Src/syscalls.o
 .debug_abbrev  0x0000000000000362       0xbc ./Src/sysmem.o
 .debug_abbrev  0x000000000000041e       0x12 ./Startup/startup_stm32f407vgtx.o
 .debug_abbrev  0x0000000000000430      0x17b ./drivers/Src/stm32f407_gpio_driver.o
 .debug_abbrev  0x00000000000005ab      0x2b4 ./drivers/Src/stm32f407_i2c_driver.o

.debug_aranges  0x0000000000000000      0x2a0
 .debug_aranges
                0x0000000000000000       0x58 ./Src/012_I2C_Master_RX_Test_IT.o
 .debug_aranges
                0x0000000000000058       0xb0 ./Src/syscalls.o
 .debug_aranges
                0x0000000000000108       0x20 ./Src/sysmem.o
 .debug_aranges
                0x0000000000000128       0x28 ./Startup/startup_stm32f407vgtx.o
 .debug_aranges
                0x0000000000000150       0x70 ./drivers/Src/stm32f407_gpio_driver.o
 .debug_aranges
                0x00000000000001c0       0xe0 ./drivers/Src/stm32f407_i2c_driver.o

.debug_rnglists
                0x0000000000000000      0x1eb
 .debug_rnglists
                0x0000000000000000       0x3e ./Src/012_I2C_Master_RX_Test_IT.o
 .debug_rnglists
                0x000000000000003e       0x7f ./Src/syscalls.o
 .debug_rnglists
                0x00000000000000bd       0x13 ./Src/sysmem.o
 .debug_rnglists
                0x00000000000000d0       0x19 ./Startup/startup_stm32f407vgtx.o
 .debug_rnglists
                0x00000000000000e9       0x53 ./drivers/Src/stm32f407_gpio_driver.o
 .debug_rnglists
                0x000000000000013c       0xaf ./drivers/Src/stm32f407_i2c_driver.o

.debug_macro    0x0000000000000000     0x3805
 .debug_macro   0x0000000000000000      0x1b1 ./Src/012_I2C_Master_RX_Test_IT.o
 .debug_macro   0x00000000000001b1      0xaa8 ./Src/012_I2C_Master_RX_Test_IT.o
 .debug_macro   0x0000000000000c59       0x22 ./Src/012_I2C_Master_RX_Test_IT.o
 .debug_macro   0x0000000000000c7b       0x5b ./Src/012_I2C_Master_RX_Test_IT.o
 .debug_macro   0x0000000000000cd6       0x24 ./Src/012_I2C_Master_RX_Test_IT.o
 .debug_macro   0x0000000000000cfa       0x94 ./Src/012_I2C_Master_RX_Test_IT.o
 .debug_macro   0x0000000000000d8e       0x43 ./Src/012_I2C_Master_RX_Test_IT.o
 .debug_macro   0x0000000000000dd1       0x34 ./Src/012_I2C_Master_RX_Test_IT.o
 .debug_macro   0x0000000000000e05       0x16 ./Src/012_I2C_Master_RX_Test_IT.o
 .debug_macro   0x0000000000000e1b       0x57 ./Src/012_I2C_Master_RX_Test_IT.o
 .debug_macro   0x0000000000000e72       0x97 ./Src/012_I2C_Master_RX_Test_IT.o
 .debug_macro   0x0000000000000f09      0x369 ./Src/012_I2C_Master_RX_Test_IT.o
 .debug_macro   0x0000000000001272       0xfd ./Src/012_I2C_Master_RX_Test_IT.o
 .debug_macro   0x000000000000136f       0x10 ./Src/012_I2C_Master_RX_Test_IT.o
 .debug_macro   0x000000000000137f       0x16 ./Src/012_I2C_Master_RX_Test_IT.o
 .debug_macro   0x0000000000001395       0x43 ./Src/012_I2C_Master_RX_Test_IT.o
 .debug_macro   0x00000000000013d8       0x34 ./Src/012_I2C_Master_RX_Test_IT.o
 .debug_macro   0x000000000000140c       0x10 ./Src/012_I2C_Master_RX_Test_IT.o
 .debug_macro   0x000000000000141c       0x58 ./Src/012_I2C_Master_RX_Test_IT.o
 .debug_macro   0x0000000000001474       0x8e ./Src/012_I2C_Master_RX_Test_IT.o
 .debug_macro   0x0000000000001502       0x1c ./Src/012_I2C_Master_RX_Test_IT.o
 .debug_macro   0x000000000000151e      0x177 ./Src/012_I2C_Master_RX_Test_IT.o
 .debug_macro   0x0000000000001695       0x16 ./Src/012_I2C_Master_RX_Test_IT.o
 .debug_macro   0x00000000000016ab       0x16 ./Src/012_I2C_Master_RX_Test_IT.o
 .debug_macro   0x00000000000016c1      0x147 ./Src/012_I2C_Master_RX_Test_IT.o
 .debug_macro   0x0000000000001808       0x16 ./Src/012_I2C_Master_RX_Test_IT.o
 .debug_macro   0x000000000000181e       0x35 ./Src/012_I2C_Master_RX_Test_IT.o
 .debug_macro   0x0000000000001853       0x20 ./Src/012_I2C_Master_RX_Test_IT.o
 .debug_macro   0x0000000000001873      0x103 ./Src/012_I2C_Master_RX_Test_IT.o
 .debug_macro   0x0000000000001976       0x6a ./Src/012_I2C_Master_RX_Test_IT.o
 .debug_macro   0x00000000000019e0      0x1df ./Src/012_I2C_Master_RX_Test_IT.o
 .debug_macro   0x0000000000001bbf      0x5f0 ./Src/012_I2C_Master_RX_Test_IT.o
 .debug_macro   0x00000000000021af       0xc4 ./Src/012_I2C_Master_RX_Test_IT.o
 .debug_macro   0x0000000000002273       0xc4 ./Src/012_I2C_Master_RX_Test_IT.o
 .debug_macro   0x0000000000002337       0xd6 ./Src/012_I2C_Master_RX_Test_IT.o
 .debug_macro   0x000000000000240d      0x286 ./Src/syscalls.o
 .debug_macro   0x0000000000002693      0x174 ./Src/syscalls.o
 .debug_macro   0x0000000000002807       0x10 ./Src/syscalls.o
 .debug_macro   0x0000000000002817       0x10 ./Src/syscalls.o
 .debug_macro   0x0000000000002827       0x10 ./Src/syscalls.o
 .debug_macro   0x0000000000002837       0x10 ./Src/syscalls.o
 .debug_macro   0x0000000000002847       0x1c ./Src/syscalls.o
 .debug_macro   0x0000000000002863       0x52 ./Src/syscalls.o
 .debug_macro   0x00000000000028b5       0x22 ./Src/syscalls.o
 .debug_macro   0x00000000000028d7       0x10 ./Src/syscalls.o
 .debug_macro   0x00000000000028e7       0x52 ./Src/syscalls.o
 .debug_macro   0x0000000000002939       0xcf ./Src/syscalls.o
 .debug_macro   0x0000000000002a08       0x1c ./Src/syscalls.o
 .debug_macro   0x0000000000002a24       0x3d ./Src/syscalls.o
 .debug_macro   0x0000000000002a61       0x35 ./Src/syscalls.o
 .debug_macro   0x0000000000002a96      0x12c ./Src/syscalls.o
 .debug_macro   0x0000000000002bc2       0x16 ./Src/syscalls.o
 .debug_macro   0x0000000000002bd8       0x16 ./Src/syscalls.o
 .debug_macro   0x0000000000002bee       0x29 ./Src/syscalls.o
 .debug_macro   0x0000000000002c17       0x10 ./Src/syscalls.o
 .debug_macro   0x0000000000002c27      0x242 ./Src/syscalls.o
 .debug_macro   0x0000000000002e69       0x1c ./Src/syscalls.o
 .debug_macro   0x0000000000002e85       0x10 ./Src/syscalls.o
 .debug_macro   0x0000000000002e95      0x18a ./Src/syscalls.o
 .debug_macro   0x000000000000301f       0x16 ./Src/syscalls.o
 .debug_macro   0x0000000000003035       0xce ./Src/syscalls.o
 .debug_macro   0x0000000000003103       0xff ./Src/sysmem.o
 .debug_macro   0x0000000000003202      0x23c ./Src/sysmem.o
 .debug_macro   0x000000000000343e       0xad ./drivers/Src/stm32f407_gpio_driver.o
 .debug_macro   0x00000000000034eb       0x8e ./drivers/Src/stm32f407_gpio_driver.o
 .debug_macro   0x0000000000003579       0x51 ./drivers/Src/stm32f407_gpio_driver.o
 .debug_macro   0x00000000000035ca       0xbe ./drivers/Src/stm32f407_gpio_driver.o
 .debug_macro   0x0000000000003688       0xad ./drivers/Src/stm32f407_i2c_driver.o
 .debug_macro   0x0000000000003735       0xd0 ./drivers/Src/stm32f407_i2c_driver.o

.debug_line     0x0000000000000000     0x2dfe
 .debug_line    0x0000000000000000      0x7cd ./Src/012_I2C_Master_RX_Test_IT.o
 .debug_line    0x00000000000007cd      0x8e7 ./Src/syscalls.o
 .debug_line    0x00000000000010b4      0x583 ./Src/sysmem.o
 .debug_line    0x0000000000001637       0x7b ./Startup/startup_stm32f407vgtx.o
 .debug_line    0x00000000000016b2      0xa02 ./drivers/Src/stm32f407_gpio_driver.o
 .debug_line    0x00000000000020b4      0xd4a ./drivers/Src/stm32f407_i2c_driver.o

.debug_str      0x0000000000000000     0xc4f0
 .debug_str     0x0000000000000000     0x9e7c ./Src/012_I2C_Master_RX_Test_IT.o
                                       0xa096 (size before relaxing)
 .debug_str     0x0000000000009e7c     0x2173 ./Src/syscalls.o
                                       0x98fa (size before relaxing)
 .debug_str     0x000000000000bfef       0x66 ./Src/sysmem.o
                                       0x6003 (size before relaxing)
 .debug_str     0x000000000000c055       0x2f ./Startup/startup_stm32f407vgtx.o
                                         0x51 (size before relaxing)
 .debug_str     0x000000000000c084      0x281 ./drivers/Src/stm32f407_gpio_driver.o
                                       0x68f6 (size before relaxing)
 .debug_str     0x000000000000c305      0x1eb ./drivers/Src/stm32f407_i2c_driver.o
                                       0x6a4b (size before relaxing)

.debug_frame    0x0000000000000000     0x1188
 .debug_frame   0x0000000000000000      0x118 ./Src/012_I2C_Master_RX_Test_IT.o
 .debug_frame   0x0000000000000118      0x2d4 ./Src/syscalls.o
 .debug_frame   0x00000000000003ec       0x34 ./Src/sysmem.o
 .debug_frame   0x0000000000000420      0x1c8 ./drivers/Src/stm32f407_gpio_driver.o
 .debug_frame   0x00000000000005e8      0x3cc ./drivers/Src/stm32f407_i2c_driver.o
 .debug_frame   0x00000000000009b4      0x144 D:/STM32/STM32CubeIDE_1.13.2/STM32CubeIDE/plugins/com.st.stm32cube.ide.mcu.externaltools.gnu-tools-for-stm32.11.3.rel1.win32_1.1.1.202309131626/tools/bin/../lib/gcc/arm-none-eabi/11.3.1/../../../../arm-none-eabi/lib/thumb/v7e-m/nofp\libc_nano.a(libc_a-findfp.o)
 .debug_frame   0x0000000000000af8       0x34 D:/STM32/STM32CubeIDE_1.13.2/STM32CubeIDE/plugins/com.st.stm32cube.ide.mcu.externaltools.gnu-tools-for-stm32.11.3.rel1.win32_1.1.1.202309131626/tools/bin/../lib/gcc/arm-none-eabi/11.3.1/../../../../arm-none-eabi/lib/thumb/v7e-m/nofp\libc_nano.a(libc_a-fwalk.o)
 .debug_frame   0x0000000000000b2c       0x6c D:/STM32/STM32CubeIDE_1.13.2/STM32CubeIDE/plugins/com.st.stm32cube.ide.mcu.externaltools.gnu-tools-for-stm32.11.3.rel1.win32_1.1.1.202309131626/tools/bin/../lib/gcc/arm-none-eabi/11.3.1/../../../../arm-none-eabi/lib/thumb/v7e-m/nofp\libc_nano.a(libc_a-printf.o)
 .debug_frame   0x0000000000000b98       0x88 D:/STM32/STM32CubeIDE_1.13.2/STM32CubeIDE/plugins/com.st.stm32cube.ide.mcu.externaltools.gnu-tools-for-stm32.11.3.rel1.win32_1.1.1.202309131626/tools/bin/../lib/gcc/arm-none-eabi/11.3.1/../../../../arm-none-eabi/lib/thumb/v7e-m/nofp\libc_nano.a(libc_a-stdio.o)
 .debug_frame   0x0000000000000c20       0x40 D:/STM32/STM32CubeIDE_1.13.2/STM32CubeIDE/plugins/com.st.stm32cube.ide.mcu.externaltools.gnu-tools-for-stm32.11.3.rel1.win32_1.1.1.202309131626/tools/bin/../lib/gcc/arm-none-eabi/11.3.1/../../../../arm-none-eabi/lib/thumb/v7e-m/nofp\libc_nano.a(libc_a-wbuf.o)
 .debug_frame   0x0000000000000c60       0x2c D:/STM32/STM32CubeIDE_1.13.2/STM32CubeIDE/plugins/com.st.stm32cube.ide.mcu.externaltools.gnu-tools-for-stm32.11.3.rel1.win32_1.1.1.202309131626/tools/bin/../lib/gcc/arm-none-eabi/11.3.1/../../../../arm-none-eabi/lib/thumb/v7e-m/nofp\libc_nano.a(libc_a-wsetup.o)
 .debug_frame   0x0000000000000c8c       0x20 D:/STM32/STM32CubeIDE_1.13.2/STM32CubeIDE/plugins/com.st.stm32cube.ide.mcu.externaltools.gnu-tools-for-stm32.11.3.rel1.win32_1.1.1.202309131626/tools/bin/../lib/gcc/arm-none-eabi/11.3.1/../../../../arm-none-eabi/lib/thumb/v7e-m/nofp\libc_nano.a(libc_a-memset.o)
 .debug_frame   0x0000000000000cac       0x2c D:/STM32/STM32CubeIDE_1.13.2/STM32CubeIDE/plugins/com.st.stm32cube.ide.mcu.externaltools.gnu-tools-for-stm32.11.3.rel1.win32_1.1.1.202309131626/tools/bin/../lib/gcc/arm-none-eabi/11.3.1/../../../../arm-none-eabi/lib/thumb/v7e-m/nofp\libc_nano.a(libc_a-closer.o)
 .debug_frame   0x0000000000000cd8       0x38 D:/STM32/STM32CubeIDE_1.13.2/STM32CubeIDE/plugins/com.st.stm32cube.ide.mcu.externaltools.gnu-tools-for-stm32.11.3.rel1.win32_1.1.1.202309131626/tools/bin/../lib/gcc/arm-none-eabi/11.3.1/../../../../arm-none-eabi/lib/thumb/v7e-m/nofp\libc_nano.a(libc_a-reent.o)
 .debug_frame   0x0000000000000d10       0x2c D:/STM32/STM32CubeIDE_1.13.2/STM32CubeIDE/plugins/com.st.stm32cube.ide.mcu.externaltools.gnu-tools-for-stm32.11.3.rel1.win32_1.1.1.202309131626/tools/bin/../lib/gcc/arm-none-eabi/11.3.1/../../../../arm-none-eabi/lib/thumb/v7e-m/nofp\libc_nano.a(libc_a-lseekr.o)
 .debug_frame   0x0000000000000d3c       0x2c D:/STM32/STM32CubeIDE_1.13.2/STM32CubeIDE/plugins/com.st.stm32cube.ide.mcu.externaltools.gnu-tools-for-stm32.11.3.rel1.win32_1.1.1.202309131626/tools/bin/../lib/gcc/arm-none-eabi/11.3.1/../../../../arm-none-eabi/lib/thumb/v7e-m/nofp\libc_nano.a(libc_a-readr.o)
 .debug_frame   0x0000000000000d68       0x2c D:/STM32/STM32CubeIDE_1.13.2/STM32CubeIDE/plugins/com.st.stm32cube.ide.mcu.externaltools.gnu-tools-for-stm32.11.3.rel1.win32_1.1.1.202309131626/tools/bin/../lib/gcc/arm-none-eabi/11.3.1/../../../../arm-none-eabi/lib/thumb/v7e-m/nofp\libc_nano.a(libc_a-writer.o)
 .debug_frame   0x0000000000000d94       0x20 D:/STM32/STM32CubeIDE_1.13.2/STM32CubeIDE/plugins/com.st.stm32cube.ide.mcu.externaltools.gnu-tools-for-stm32.11.3.rel1.win32_1.1.1.202309131626/tools/bin/../lib/gcc/arm-none-eabi/11.3.1/../../../../arm-none-eabi/lib/thumb/v7e-m/nofp\libc_nano.a(libc_a-errno.o)
 .debug_frame   0x0000000000000db4       0x2c D:/STM32/STM32CubeIDE_1.13.2/STM32CubeIDE/plugins/com.st.stm32cube.ide.mcu.externaltools.gnu-tools-for-stm32.11.3.rel1.win32_1.1.1.202309131626/tools/bin/../lib/gcc/arm-none-eabi/11.3.1/../../../../arm-none-eabi/lib/thumb/v7e-m/nofp\libc_nano.a(libc_a-init.o)
 .debug_frame   0x0000000000000de0       0xb0 D:/STM32/STM32CubeIDE_1.13.2/STM32CubeIDE/plugins/com.st.stm32cube.ide.mcu.externaltools.gnu-tools-for-stm32.11.3.rel1.win32_1.1.1.202309131626/tools/bin/../lib/gcc/arm-none-eabi/11.3.1/../../../../arm-none-eabi/lib/thumb/v7e-m/nofp\libc_nano.a(libc_a-lock.o)
 .debug_frame   0x0000000000000e90       0x38 D:/STM32/STM32CubeIDE_1.13.2/STM32CubeIDE/plugins/com.st.stm32cube.ide.mcu.externaltools.gnu-tools-for-stm32.11.3.rel1.win32_1.1.1.202309131626/tools/bin/../lib/gcc/arm-none-eabi/11.3.1/../../../../arm-none-eabi/lib/thumb/v7e-m/nofp\libc_nano.a(libc_a-freer.o)
 .debug_frame   0x0000000000000ec8       0x50 D:/STM32/STM32CubeIDE_1.13.2/STM32CubeIDE/plugins/com.st.stm32cube.ide.mcu.externaltools.gnu-tools-for-stm32.11.3.rel1.win32_1.1.1.202309131626/tools/bin/../lib/gcc/arm-none-eabi/11.3.1/../../../../arm-none-eabi/lib/thumb/v7e-m/nofp\libc_nano.a(libc_a-mallocr.o)
 .debug_frame   0x0000000000000f18       0x30 D:/STM32/STM32CubeIDE_1.13.2/STM32CubeIDE/plugins/com.st.stm32cube.ide.mcu.externaltools.gnu-tools-for-stm32.11.3.rel1.win32_1.1.1.202309131626/tools/bin/../lib/gcc/arm-none-eabi/11.3.1/../../../../arm-none-eabi/lib/thumb/v7e-m/nofp\libc_nano.a(libc_a-mlock.o)
 .debug_frame   0x0000000000000f48       0xa8 D:/STM32/STM32CubeIDE_1.13.2/STM32CubeIDE/plugins/com.st.stm32cube.ide.mcu.externaltools.gnu-tools-for-stm32.11.3.rel1.win32_1.1.1.202309131626/tools/bin/../lib/gcc/arm-none-eabi/11.3.1/../../../../arm-none-eabi/lib/thumb/v7e-m/nofp\libc_nano.a(libc_a-nano-vfprintf.o)
 .debug_frame   0x0000000000000ff0       0x60 D:/STM32/STM32CubeIDE_1.13.2/STM32CubeIDE/plugins/com.st.stm32cube.ide.mcu.externaltools.gnu-tools-for-stm32.11.3.rel1.win32_1.1.1.202309131626/tools/bin/../lib/gcc/arm-none-eabi/11.3.1/../../../../arm-none-eabi/lib/thumb/v7e-m/nofp\libc_nano.a(libc_a-nano-vfprintf_i.o)
 .debug_frame   0x0000000000001050       0x5c D:/STM32/STM32CubeIDE_1.13.2/STM32CubeIDE/plugins/com.st.stm32cube.ide.mcu.externaltools.gnu-tools-for-stm32.11.3.rel1.win32_1.1.1.202309131626/tools/bin/../lib/gcc/arm-none-eabi/11.3.1/../../../../arm-none-eabi/lib/thumb/v7e-m/nofp\libc_nano.a(libc_a-fflush.o)
 .debug_frame   0x00000000000010ac       0x58 D:/STM32/STM32CubeIDE_1.13.2/STM32CubeIDE/plugins/com.st.stm32cube.ide.mcu.externaltools.gnu-tools-for-stm32.11.3.rel1.win32_1.1.1.202309131626/tools/bin/../lib/gcc/arm-none-eabi/11.3.1/../../../../arm-none-eabi/lib/thumb/v7e-m/nofp\libc_nano.a(libc_a-makebuf.o)
 .debug_frame   0x0000000000001104       0x2c D:/STM32/STM32CubeIDE_1.13.2/STM32CubeIDE/plugins/com.st.stm32cube.ide.mcu.externaltools.gnu-tools-for-stm32.11.3.rel1.win32_1.1.1.202309131626/tools/bin/../lib/gcc/arm-none-eabi/11.3.1/../../../../arm-none-eabi/lib/thumb/v7e-m/nofp\libc_nano.a(libc_a-fstatr.o)
 .debug_frame   0x0000000000001130       0x2c D:/STM32/STM32CubeIDE_1.13.2/STM32CubeIDE/plugins/com.st.stm32cube.ide.mcu.externaltools.gnu-tools-for-stm32.11.3.rel1.win32_1.1.1.202309131626/tools/bin/../lib/gcc/arm-none-eabi/11.3.1/../../../../arm-none-eabi/lib/thumb/v7e-m/nofp\libc_nano.a(libc_a-isattyr.o)
 .debug_frame   0x000000000000115c       0x2c D:/STM32/STM32CubeIDE_1.13.2/STM32CubeIDE/plugins/com.st.stm32cube.ide.mcu.externaltools.gnu-tools-for-stm32.11.3.rel1.win32_1.1.1.202309131626/tools/bin/../lib/gcc/arm-none-eabi/11.3.1/../../../../arm-none-eabi/lib/thumb/v7e-m/nofp\libc_nano.a(libc_a-sbrkr.o)

.debug_line_str
                0x0000000000000000       0x45
 .debug_line_str
                0x0000000000000000       0x45 ./Startup/startup_stm32f407vgtx.o
                                         0x5d (size before relaxing)
