../drivers/Src/stm32f407_spi_driver.c:32:6:SPI_PeriClockCtrl	16	static
../drivers/Src/stm32f407_spi_driver.c:52:6:SPI_Init	24	static
../drivers/Src/stm32f407_spi_driver.c:98:6:SPI_DeInit	16	static
../drivers/Src/stm32f407_spi_driver.c:120:9:SPI_GetFlagStatus	16	static
../drivers/Src/stm32f407_spi_driver.c:142:6:SPI_SendData	24	static
../drivers/Src/stm32f407_spi_driver.c:170:6:SPI_ReceiveData	24	static
../drivers/Src/stm32f407_spi_driver.c:199:6:SPI_IRQInterruptConfig	16	static
../drivers/Src/stm32f407_spi_driver.c:225:6:SPI_IRQPriorityConfig	24	static
../drivers/Src/stm32f407_spi_driver.c:237:6:SPI_Handling	24	static
../drivers/Src/stm32f407_spi_driver.c:269:6:SPI_PeriControl	16	static
../drivers/Src/stm32f407_spi_driver.c:292:6:SPI_SSIConfig	16	static
../drivers/Src/stm32f407_spi_driver.c:317:6:SPI_SSOEConfig	16	static
../drivers/Src/stm32f407_spi_driver.c:329:9:SPI_SendDataIT	32	static
../drivers/Src/stm32f407_spi_driver.c:349:9:SPI_ReceiveDataIT	32	static
../drivers/Src/stm32f407_spi_driver.c:371:6:SPI_CloseTranmission	16	static
../drivers/Src/stm32f407_spi_driver.c:381:6:SPI_CloseReception	16	static
../drivers/Src/stm32f407_spi_driver.c:391:6:SPI_ClearOVRFlag	24	static
../drivers/Src/stm32f407_spi_driver.c:407:13:spi_tx_handleIT	16	static
../drivers/Src/stm32f407_spi_driver.c:434:13:spi_rx_handleIT	16	static
../drivers/Src/stm32f407_spi_driver.c:459:13:spi_ovr_handleIT	24	static
../drivers/Src/stm32f407_spi_driver.c:476:13:SPI_ApplicationEventCallback	16	static
